Component: ARM Compiler 5.06 update 7 (build 960) Tool: armlink [4d3601]

==============================================================================

Section Cross References

    startup_stm32f10x_md.o(STACK) refers (Special) to heapauxi.o(.text) for __use_two_region_memory
    startup_stm32f10x_md.o(HEAP) refers (Special) to heapauxi.o(.text) for __use_two_region_memory
    startup_stm32f10x_md.o(RESET) refers (Special) to heapauxi.o(.text) for __use_two_region_memory
    startup_stm32f10x_md.o(RESET) refers to startup_stm32f10x_md.o(STACK) for __initial_sp
    startup_stm32f10x_md.o(RESET) refers to startup_stm32f10x_md.o(.text) for Reset_Handler
    startup_stm32f10x_md.o(RESET) refers to stm32f10x_it.o(i.NMI_Handler) for NMI_Handler
    startup_stm32f10x_md.o(RESET) refers to stm32f10x_it.o(i.HardFault_Handler) for HardFault_Handler
    startup_stm32f10x_md.o(RESET) refers to stm32f10x_it.o(i.MemManage_Handler) for MemManage_Handler
    startup_stm32f10x_md.o(RESET) refers to stm32f10x_it.o(i.BusFault_Handler) for BusFault_Handler
    startup_stm32f10x_md.o(RESET) refers to stm32f10x_it.o(i.UsageFault_Handler) for UsageFault_Handler
    startup_stm32f10x_md.o(RESET) refers to stm32f10x_it.o(i.SVC_Handler) for SVC_Handler
    startup_stm32f10x_md.o(RESET) refers to stm32f10x_it.o(i.DebugMon_Handler) for DebugMon_Handler
    startup_stm32f10x_md.o(RESET) refers to stm32f10x_it.o(i.PendSV_Handler) for PendSV_Handler
    startup_stm32f10x_md.o(RESET) refers to stm32f10x_it.o(i.SysTick_Handler) for SysTick_Handler
    startup_stm32f10x_md.o(RESET) refers to main.o(i.TIM1_UP_IRQHandler) for TIM1_UP_IRQHandler
    startup_stm32f10x_md.o(.text) refers (Special) to heapauxi.o(.text) for __use_two_region_memory
    startup_stm32f10x_md.o(.text) refers to system_stm32f10x.o(i.SystemInit) for SystemInit
    startup_stm32f10x_md.o(.text) refers to __main.o(!!!main) for __main
    startup_stm32f10x_md.o(.text) refers to startup_stm32f10x_md.o(HEAP) for Heap_Mem
    startup_stm32f10x_md.o(.text) refers to startup_stm32f10x_md.o(STACK) for Stack_Mem
    system_stm32f10x.o(i.SetSysClock) refers to system_stm32f10x.o(i.SetSysClockTo72) for SetSysClockTo72
    system_stm32f10x.o(i.SystemCoreClockUpdate) refers to system_stm32f10x.o(.data) for SystemCoreClock
    system_stm32f10x.o(i.SystemInit) refers to system_stm32f10x.o(i.SetSysClock) for SetSysClock
    stm32f10x_adc.o(i.ADC_DeInit) refers to stm32f10x_rcc.o(i.RCC_APB2PeriphResetCmd) for RCC_APB2PeriphResetCmd
    stm32f10x_bkp.o(i.BKP_DeInit) refers to stm32f10x_rcc.o(i.RCC_BackupResetCmd) for RCC_BackupResetCmd
    stm32f10x_can.o(i.CAN_DeInit) refers to stm32f10x_rcc.o(i.RCC_APB1PeriphResetCmd) for RCC_APB1PeriphResetCmd
    stm32f10x_can.o(i.CAN_GetITStatus) refers to stm32f10x_can.o(i.CheckITStatus) for CheckITStatus
    stm32f10x_cec.o(i.CEC_DeInit) refers to stm32f10x_rcc.o(i.RCC_APB1PeriphResetCmd) for RCC_APB1PeriphResetCmd
    stm32f10x_dac.o(i.DAC_DeInit) refers to stm32f10x_rcc.o(i.RCC_APB1PeriphResetCmd) for RCC_APB1PeriphResetCmd
    stm32f10x_flash.o(i.FLASH_EnableWriteProtection) refers to stm32f10x_flash.o(i.FLASH_WaitForLastOperation) for FLASH_WaitForLastOperation
    stm32f10x_flash.o(i.FLASH_EraseAllBank1Pages) refers to stm32f10x_flash.o(i.FLASH_WaitForLastBank1Operation) for FLASH_WaitForLastBank1Operation
    stm32f10x_flash.o(i.FLASH_EraseAllPages) refers to stm32f10x_flash.o(i.FLASH_WaitForLastOperation) for FLASH_WaitForLastOperation
    stm32f10x_flash.o(i.FLASH_EraseOptionBytes) refers to stm32f10x_flash.o(i.FLASH_GetReadOutProtectionStatus) for FLASH_GetReadOutProtectionStatus
    stm32f10x_flash.o(i.FLASH_EraseOptionBytes) refers to stm32f10x_flash.o(i.FLASH_WaitForLastOperation) for FLASH_WaitForLastOperation
    stm32f10x_flash.o(i.FLASH_ErasePage) refers to stm32f10x_flash.o(i.FLASH_WaitForLastOperation) for FLASH_WaitForLastOperation
    stm32f10x_flash.o(i.FLASH_ProgramHalfWord) refers to stm32f10x_flash.o(i.FLASH_WaitForLastOperation) for FLASH_WaitForLastOperation
    stm32f10x_flash.o(i.FLASH_ProgramOptionByteData) refers to stm32f10x_flash.o(i.FLASH_WaitForLastOperation) for FLASH_WaitForLastOperation
    stm32f10x_flash.o(i.FLASH_ProgramWord) refers to stm32f10x_flash.o(i.FLASH_WaitForLastOperation) for FLASH_WaitForLastOperation
    stm32f10x_flash.o(i.FLASH_ReadOutProtection) refers to stm32f10x_flash.o(i.FLASH_WaitForLastOperation) for FLASH_WaitForLastOperation
    stm32f10x_flash.o(i.FLASH_UserOptionByteConfig) refers to stm32f10x_flash.o(i.FLASH_WaitForLastOperation) for FLASH_WaitForLastOperation
    stm32f10x_flash.o(i.FLASH_WaitForLastBank1Operation) refers to stm32f10x_flash.o(i.FLASH_GetBank1Status) for FLASH_GetBank1Status
    stm32f10x_flash.o(i.FLASH_WaitForLastOperation) refers to stm32f10x_flash.o(i.FLASH_GetBank1Status) for FLASH_GetBank1Status
    stm32f10x_gpio.o(i.GPIO_AFIODeInit) refers to stm32f10x_rcc.o(i.RCC_APB2PeriphResetCmd) for RCC_APB2PeriphResetCmd
[...]
    i.LightSensor_Init                       0x08002198   Section        0  lightsensor.o(i.LightSensor_Init)
    i.MemManage_Handler                      0x080021c4   Section        0  stm32f10x_it.o(i.MemManage_Handler)
    i.Motor_Init                             0x080021c8   Section        0  motor.o(i.Motor_Init)
    i.Motor_SetSpeed                         0x080021f8   Section        0  motor.o(i.Motor_SetSpeed)
    i.MySPI_Init                             0x08002238   Section        0  myspi.o(i.MySPI_Init)
    i.MySPI_R_MISO                           0x0800228c   Section        0  myspi.o(i.MySPI_R_MISO)
    i.MySPI_Start                            0x080022a0   Section        0  myspi.o(i.MySPI_Start)
    i.MySPI_Stop                             0x080022aa   Section        0  myspi.o(i.MySPI_Stop)
    i.MySPI_SwapByte                         0x080022b4   Section        0  myspi.o(i.MySPI_SwapByte)
    i.MySPI_W_MOSI                           0x080022f0   Section        0  myspi.o(i.MySPI_W_MOSI)
    i.MySPI_W_SCK                            0x08002308   Section        0  myspi.o(i.MySPI_W_SCK)
    i.MySPI_W_SS                             0x08002320   Section        0  myspi.o(i.MySPI_W_SS)
    i.NMI_Handler                            0x08002338   Section        0  stm32f10x_it.o(i.NMI_Handler)
    i.NVIC_Init                              0x0800233c   Section        0  misc.o(i.NVIC_Init)
    i.NVIC_PriorityGroupConfig               0x080023ac   Section        0  misc.o(i.NVIC_PriorityGroupConfig)
    i.OLED_Clear                             0x080023c0   Section        0  oled.o(i.OLED_Clear)
    i.OLED_I2C_Init                          0x080023ec   Section        0  oled.o(i.OLED_I2C_Init)
    i.OLED_I2C_SendByte                      0x0800243c   Section        0  oled.o(i.OLED_I2C_SendByte)
    i.OLED_I2C_Start                         0x08002490   Section        0  oled.o(i.OLED_I2C_Start)
    i.OLED_I2C_Stop                          0x080024c4   Section        0  oled.o(i.OLED_I2C_Stop)
    i.OLED_Init                              0x080024ec   Section        0  oled.o(i.OLED_Init)
    i.OLED_Pow                               0x0800259a   Section        0  oled.o(i.OLED_Pow)
    i.OLED_SetCursor                         0x080025ae   Section        0  oled.o(i.OLED_SetCursor)
    i.OLED_ShowChar                          0x080025d0   Section        0  oled.o(i.OLED_ShowChar)
    i.OLED_ShowNum                           0x08002644   Section        0  oled.o(i.OLED_ShowNum)
    i.OLED_ShowSignedNum                     0x08002688   Section        0  oled.o(i.OLED_ShowSignedNum)
    i.OLED_ShowString                        0x080026ee   Section        0  oled.o(i.OLED_ShowString)
    i.OLED_WriteCommand                      0x08002716   Section        0  oled.o(i.OLED_WriteCommand)
    i.OLED_WriteData                         0x08002736   Section        0  oled.o(i.OLED_WriteData)
    i.PWM_Init                               0x08002758   Section        0  pwm.o(i.PWM_Init)
    i.PWM_SetCompare3                        0x080027ec   Section        0  pwm.o(i.PWM_SetCompare3)
    i.PendSV_Handler                         0x080027fc   Section        0  stm32f10x_it.o(i.PendSV_Handler)
    i.RCC_ADCCLKConfig                       0x08002800   Section        0  stm32f10x_rcc.o(i.RCC_ADCCLKConfig)
    i.RCC_APB1PeriphClockCmd                 0x08002818   Section        0  stm32f10x_rcc.o(i.RCC_APB1PeriphClockCmd)
    i.RCC_APB2PeriphClockCmd                 0x08002838   Section        0  stm32f10x_rcc.o(i.RCC_APB2PeriphClockCmd)
    i.RCC_GetClocksFreq                      0x08002858   Section        0  stm32f10x_rcc.o(i.RCC_GetClocksFreq)
    i.SVC_Handler                            0x0800292c   Section        0  stm32f10x_it.o(i.SVC_Handler)
    i.Serial_Init                            0x08002930   Section        0  serial.o(i.Serial_Init)
    i.Serial_Pow                             0x0800299c   Section        0  serial.o(i.Serial_Pow)
    i.Serial_Printf                          0x080029b0   Section        0  serial.o(i.Serial_Printf)
    i.Serial_SendByte                        0x080029d4   Section        0  serial.o(i.Serial_SendByte)
    i.Serial_SendNumber                      0x080029f4   Section        0  serial.o(i.Serial_SendNumber)
    i.Serial_SendString                      0x08002a2e   Section        0  serial.o(i.Serial_SendString)
    i.SetSysClock                            0x08002a48   Section        0  system_stm32f10x.o(i.SetSysClock)
    SetSysClock                              0x08002a49   Thumb Code     8  system_stm32f10x.o(i.SetSysClock)
    i.SetSysClockTo72                        0x08002a50   Section        0  system_stm32f10x.o(i.SetSysClockTo72)
    SetSysClockTo72                          0x08002a51   Thumb Code   214  system_stm32f10x.o(i.SetSysClockTo72)
    i.SysTick_Handler                        0x08002b30   Section        0  stm32f10x_it.o(i.SysTick_Handler)
    i.SystemInit                             0x08002b34   Section        0  system_stm32f10x.o(i.SystemInit)
    i.TIM1_UP_IRQHandler                     0x08002b94   Section        0  main.o(i.TIM1_UP_IRQHandler)
    i.TIM_ClearFlag                          0x08002c24   Section        0  stm32f10x_tim.o(i.TIM_ClearFlag)
    i.TIM_ClearITPendingBit                  0x08002c2a   Section        0  stm32f10x_tim.o(i.TIM_ClearITPendingBit)
    i.TIM_Cmd                                0x08002c30   Section        0  stm32f10x_tim.o(i.TIM_Cmd)
    i.TIM_GetITStatus                        0x08002c48   Section        0  stm32f10x_tim.o(i.TIM_GetITStatus)
    i.TIM_ITConfig                           0x08002c6a   Section        0  stm32f10x_tim.o(i.TIM_ITConfig)
    i.TIM_InternalClockConfig                0x08002c7c   Section        0  stm32f10x_tim.o(i.TIM_InternalClockConfig)
    i.TIM_OC3Init                            0x08002c88   Section        0  stm32f10x_tim.o(i.TIM_OC3Init)
    i.TIM_OCStructInit                       0x08002d28   Section        0  stm32f10x_tim.o(i.TIM_OCStructInit)
    i.TIM_SetCompare3                        0x08002d3c   Section        0  stm32f10x_tim.o(i.TIM_SetCompare3)
    i.TIM_TimeBaseInit                       0x08002d40   Section        0  stm32f10x_tim.o(i.TIM_TimeBaseInit)
    i.Timer_Init                             0x08002de4   Section        0  timer.o(i.Timer_Init)
    i.USART_Cmd                              0x08002e64   Section        0  stm32f10x_usart.o(i.USART_Cmd)
    i.USART_GetFlagStatus                    0x08002e7c   Section        0  stm32f10x_usart.o(i.USART_GetFlagStatus)
    i.USART_Init                             0x08002e98   Section        0  stm32f10x_usart.o(i.USART_Init)
    i.USART_SendData                         0x08002f70   Section        0  stm32f10x_usart.o(i.USART_SendData)
    i.UsageFault_Handler                     0x08002f78   Section        0  stm32f10x_it.o(i.UsageFault_Handler)
    i.W25Q64_Init                            0x08002f7c   Section        0  w25q64.o(i.W25Q64_Init)
    i.W25Q64_PageProgram                     0x08002f84   Section        0  w25q64.o(i.W25Q64_PageProgram)
    i.W25Q64_ReadData                        0x08002fd0   Section        0  w25q64.o(i.W25Q64_ReadData)
    i.W25Q64_WaitBusy                        0x08003014   Section        0  w25q64.o(i.W25Q64_WaitBusy)
    i.W25Q64_WriteEnable                     0x08003044   Section        0  w25q64.o(i.W25Q64_WriteEnable)
    i.W25Q64_searchAd                        0x08003056   Section        0  w25q64.o(i.W25Q64_searchAd)
    i.__ARM_fpclassify                       0x080030ae   Section        0  fpclassify.o(i.__ARM_fpclassify)
    i._is_digit                              0x080030d6   Section        0  __printf_wp.o(i._is_digit)
    i.main                                   0x080030e4   Section        0  main.o(i.main)
    locale$$code                             0x080032f8   Section       44  lc_numeric_c.o(locale$$code)
    locale$$code                             0x08003324   Section       44  lc_ctype_c.o(locale$$code)
    x$fpl$fadd                               0x08003350   Section      196  faddsub_clz.o(x$fpl$fadd)
    _fadd1                                   0x0800335f   Thumb Code     0  faddsub_clz.o(x$fpl$fadd)
    x$fpl$fcmpinf                            0x08003414   Section       24  fcmpi.o(x$fpl$fcmpinf)
    x$fpl$ffixu                              0x0800342c   Section       62  ffixu.o(x$fpl$ffixu)
    x$fpl$ffltu                              0x0800346c   Section       38  fflt_clz.o(x$fpl$ffltu)
    x$fpl$fleqf                              0x08003494   Section      104  fleqf.o(x$fpl$fleqf)
    x$fpl$fmul                               0x080034fc   Section      258  fmul.o(x$fpl$fmul)
    x$fpl$fnaninf                            0x080035fe   Section      140  fnaninf.o(x$fpl$fnaninf)
    x$fpl$fretinf                            0x0800368a   Section       10  fretinf.o(x$fpl$fretinf)
    x$fpl$frleqf                             0x08003694   Section       98  frleqf.o(x$fpl$frleqf)
    x$fpl$frsb                               0x080036f6   Section       20  faddsub_clz.o(x$fpl$frsb)
    x$fpl$fsub                               0x0800370c   Section      234  faddsub_clz.o(x$fpl$fsub)
    _fsub1                                   0x0800371b   Thumb Code     0  faddsub_clz.o(x$fpl$fsub)
    x$fpl$printf1                            0x080037f6   Section        4  printf1.o(x$fpl$printf1)
    x$fpl$printf2                            0x080037fa   Section        4  printf2.o(x$fpl$printf2)
    .constdata                               0x080037fe   Section     1520  oled.o(.constdata)
    x$fpl$usenofp                            0x080037fe   Section        0  usenofp.o(x$fpl$usenofp)
    .constdata                               0x08003df0   Section        8  _printf_wctomb.o(.constdata)
    initial_mbstate                          0x08003df0   Data           8  _printf_wctomb.o(.constdata)
    .constdata                               0x08003df8   Section       40  _printf_hex_int_ll_ptr.o(.constdata)
    uc_hextab                                0x08003df8   Data          20  _printf_hex_int_ll_ptr.o(.constdata)
    lc_hextab                                0x08003e0c   Data          20  _printf_hex_int_ll_ptr.o(.constdata)
    .constdata                               0x08003e20   Section       17  __printf_flags_ss_wp.o(.constdata)
    maptable                                 0x08003e20   Data          17  __printf_flags_ss_wp.o(.constdata)
    .constdata                               0x08003e31   Section       38  _printf_fp_hex.o(.constdata)
    lc_hextab                                0x08003e31   Data          19  _printf_fp_hex.o(.constdata)
    uc_hextab                                0x08003e44   Data          19  _printf_fp_hex.o(.constdata)
    .constdata                               0x08003e58   Section      148  bigflt0.o(.constdata)
    tenpwrs_x                                0x08003e58   Data          60  bigflt0.o(.constdata)
    tenpwrs_i                                0x08003e94   Data          64  bigflt0.o(.constdata)
    locale$$data                             0x08003f0c   Section       28  lc_numeric_c.o(locale$$data)
    __lcnum_c_name                           0x08003f10   Data           2  lc_numeric_c.o(locale$$data)
    __lcnum_c_start                          0x08003f18   Data           0  lc_numeric_c.o(locale$$data)
    __lcnum_c_point                          0x08003f24   Data           0  lc_numeric_c.o(locale$$data)
    __lcnum_c_thousands                      0x08003f26   Data           0  lc_numeric_c.o(locale$$data)
    __lcnum_c_grouping                       0x08003f27   Data           0  lc_numeric_c.o(locale$$data)
    locale$$data                             0x08003f28   Section      272  lc_ctype_c.o(locale$$data)
    __lcnum_c_end                            0x08003f28   Data           0  lc_numeric_c.o(locale$$data)
    __lcctype_c_name                         0x08003f2c   Data           2  lc_ctype_c.o(locale$$data)
    __lcctype_c_start                        0x08003f34   Data           0  lc_ctype_c.o(locale$$data)
    __lcctype_c_end                          0x08004038   Data           0  lc_ctype_c.o(locale$$data)
    .data                                    0x20000000   Section       20  stm32f10x_rcc.o(.data)
    APBAHBPrescTable                         0x20000000   Data          16  stm32f10x_rcc.o(.data)
    ADCPrescTable                            0x20000010   Data           4  stm32f10x_rcc.o(.data)
    .data                                    0x20000014   Section       36  main.o(.data)
    low_LI                                   0x20000029   Data           1  main.o(.data)
    high_LI                                  0x2000002a   Data           1  main.o(.data)
    maxSpeed                                 0x2000002c   Data           4  main.o(.data)
    Flash_size                               0x20000030   Data           4  main.o(.data)
    .bss                                     0x20000038   Section       96  libspace.o(.bss)
    HEAP                                     0x20000098   Section      512  startup_stm32f10x_md.o(HEAP)
    Heap_Mem                                 0x20000098   Data         512  startup_stm32f10x_md.o(HEAP)
    STACK                                    0x20000298   Section     1024  startup_stm32f10x_md.o(STACK)
    Stack_Mem                                0x20000298   Data        1024  startup_stm32f10x_md.o(STACK)
    __initial_sp                             0x20000698   Data           0  startup_stm32f10x_md.o(STACK)

    Global Symbols

    Symbol Name                              Value     Ov Type        Size  Object(Section)

    BuildAttributes$$THM_ISAv4$P$D$K$B$S$PE$A:L22UL41UL21$X:L11$S22US41US21$IEEE1$IW$USESV6$~STKCKD$USESV7$~SHL$OTIME$ROPI$IEEEJ$EBA8$UX$STANDARDLIB$REQ8$PRES8$EABIv2 0x00000000   Number         0  anon$$obj.o ABSOLUTE
    __ARM_use_no_argv                        0x00000000   Number         0  main.o ABSOLUTE
    _printf_flags                            0x00000000   Number         0  printf_stubs.o ABSOLUTE
    _printf_return_value                     0x00000000   Number         0  printf_stubs.o ABSOLUTE
    _printf_sizespec                         0x00000000   Number         0  printf_stubs.o ABSOLUTE
    _printf_widthprec                        0x00000000   Number         0  printf_stubs.o ABSOLUTE
    __ARM_exceptions_init                     - Undefined Weak Reference
    __alloca_initialize                       - Undefined Weak Reference
    __arm_fini_                               - Undefined Weak Reference
    __arm_preinit_                            - Undefined Weak Reference
    __cpp_initialize__aeabi_                  - Undefined Weak Reference
    __cxa_finalize                            - Undefined Weak Reference
    __sigvec_lookup                           - Undefined Weak Reference
    __user_heap_extent                        - Undefined Weak Reference
    _atexit_init                              - Undefined Weak Reference
    _call_atexit_fns                          - Undefined Weak Reference
    _clock_init                               - Undefined Weak Reference
    _fp_trap_init                             - Undefined Weak Reference
    _fp_trap_shutdown                         - Undefined Weak Reference
    _get_lc_collate                           - Undefined Weak Reference
    _get_lc_monetary                          - Undefined Weak Reference
    _get_lc_time                              - Undefined Weak Reference
    _getenv_init                              - Undefined Weak Reference
    _handle_redirection                       - Undefined Weak Reference
    _initio                                   - Undefined Weak Reference
    _mutex_acquire                            - Undefined Weak Reference
    _mutex_free                               - Undefined Weak Reference
    _mutex_release                            - Undefined Weak Reference
    _printf_mbtowc                            - Undefined Weak Reference
    _printf_wc                                - Undefined Weak Reference
    _rand_init                                - Undefined Weak Reference
    _signal_finish                            - Undefined Weak Reference
    _signal_init                              - Undefined Weak Reference
    _terminateio                              - Undefined Weak Reference
    __Vectors_Size                           0x000000ec   Number         0  startup_stm32f10x_md.o ABSOLUTE
    __Vectors                                0x08000000   Data           4  startup_stm32f10x_md.o(RESET)
    __Vectors_End                            0x080000ec   Data           0  startup_stm32f10x_md.o(RESET)
    __main                                   0x080000ed   Thumb Code     8  __main.o(!!!main)
    __scatterload                            0x080000f5   Thumb Code     0  __scatter.o(!!!scatter)
    __scatterload_rt2                        0x080000f5   Thumb Code    44  __scatter.o(!!!scatter)
    __scatterload_rt2_thumb_only             0x080000f5   Thumb Code     0  __scatter.o(!!!scatter)
    __scatterload_null                       0x08000103   Thumb Code     0  __scatter.o(!!!scatter)
    __scatterload_copy                       0x08000129   Thumb Code    26  __scatter_copy.o(!!handler_copy)
    __scatterload_zeroinit                   0x08000145   Thumb Code    28  __scatter_zi.o(!!handler_zi)
    _printf_n                                0x08000161   Thumb Code     0  _printf_n.o(.ARM.Collect$$_printf_percent$$00000001)
    _printf_percent                          0x08000161   Thumb Code     0  _printf_percent.o(.ARM.Collect$$_printf_percent$$00000000)
    _printf_p                                0x08000167   Thumb Code     0  _printf_p.o(.ARM.Collect$$_printf_percent$$00000002)
    _printf_f                                0x0800016d   Thumb Code     0  _printf_f.o(.ARM.Collect$$_printf_percent$$00000003)
    _printf_e                                0x08000173   Thumb Code     0  _printf_e.o(.ARM.Collect$$_printf_percent$$00000004)
    _printf_g                                0x08000179   Thumb Code     0  _printf_g.o(.ARM.Collect$$_printf_percent$$00000005)
    _printf_a                                0x0800017f   Thumb Code     0  _printf_a.o(.ARM.Collect$$_printf_percent$$00000006)
    _printf_ll                               0x08000185   Thumb Code     0  _printf_ll.o(.ARM.Collect$$_printf_percent$$00000007)
    _printf_i                                0x0800018f   Thumb Code     0  _printf_i.o(.ARM.Collect$$_printf_percent$$00000008)
    _printf_d                                0x08000195   Thumb Code     0  _printf_d.o(.ARM.Collect$$_printf_percent$$00000009)
    _printf_u                                0x0800019b   Thumb Code     0  _printf_u.o(.ARM.Collect$$_printf_percent$$0000000A)
    _printf_o                                0x080001a1   Thumb Code     0  _printf_o.o(.ARM.Collect$$_printf_percent$$0000000B)
    _printf_x                                0x080001a7   Thumb Code     0  _printf_x.o(.ARM.Collect$$_printf_percent$$0000000C)
    _printf_lli                              0x080001ad   Thumb Code     0  _printf_lli.o(.ARM.Collect$$_printf_percent$$0000000D)
    _printf_lld                              0x080001b3   Thumb Code     0  _printf_lld.o(.ARM.Collect$$_printf_percent$$0000000E)
    _printf_llu                              0x080001b9   Thumb Code     0  _printf_llu.o(.ARM.Collect$$_printf_percent$$0000000F)
    _printf_llo                              0x080001bf   Thumb Code     0  _printf_llo.o(.ARM.Collect$$_printf_percent$$00000010)
    _printf_llx                              0x080001c5   Thumb Code     0  _printf_llx.o(.ARM.Collect$$_printf_percent$$00000011)
    _printf_l                                0x080001cb   Thumb Code     0  _printf_l.o(.ARM.Collect$$_printf_percent$$00000012)
    _printf_c                                0x080001d5   Thumb Code     0  _printf_c.o(.ARM.Collect$$_printf_percent$$00000013)
    _printf_s                                0x080001db   Thumb Code     0  _printf_s.o(.ARM.Collect$$_printf_percent$$00000014)
    _printf_lc                               0x080001e1   Thumb Code     0  _printf_lc.o(.ARM.Collect$$_printf_percent$$00000015)
    _printf_ls                               0x080001e7   Thumb Code     0  _printf_ls.o(.ARM.Collect$$_printf_percent$$00000016)
    _printf_percent_end                      0x080001ed   Thumb Code     0  _printf_percent_end.o(.ARM.Collect$$_printf_percent$$00000017)
    __rt_lib_init                            0x080001f1   Thumb Code     0  libinit.o(.ARM.Collect$$libinit$$00000000)
    __rt_lib_init_fp_1                       0x080001f3   Thumb Code     0  libinit2.o(.ARM.Collect$$libinit$$00000002)
    __rt_lib_init_heap_2                     0x080001f3   Thumb Code     0  libinit2.o(.ARM.Collect$$libinit$$00000005)
    __rt_lib_init_preinit_1                  0x080001f3   Thumb Code     0  libinit2.o(.ARM.Collect$$libinit$$00000004)
    __rt_lib_init_heap_1                     0x080001fb   Thumb Code     0  libinit2.o(.ARM.Collect$$libinit$$0000000A)
    __rt_lib_init_lc_common                  0x080001fb   Thumb Code     0  libinit2.o(.ARM.Collect$$libinit$$0000000F)
    __rt_lib_init_rand_1                     0x080001fb   Thumb Code     0  libinit2.o(.ARM.Collect$$libinit$$0000000E)
    __rt_lib_init_user_alloc_1               0x080001fb   Thumb Code     0  libinit2.o(.ARM.Collect$$libinit$$0000000C)
    __rt_lib_init_lc_collate_1               0x08000201   Thumb Code     0  libinit2.o(.ARM.Collect$$libinit$$00000011)
    __rt_lib_init_lc_ctype_2                 0x08000201   Thumb Code     0  libinit2.o(.ARM.Collect$$libinit$$00000012)
    __rt_lib_init_lc_ctype_1                 0x0800020d   Thumb Code     0  libinit2.o(.ARM.Collect$$libinit$$00000013)
    __rt_lib_init_lc_monetary_1              0x0800020d   Thumb Code     0  libinit2.o(.ARM.Collect$$libinit$$00000015)
    __rt_lib_init_lc_numeric_2               0x0800020d   Thumb Code     0  libinit2.o(.ARM.Collect$$libinit$$00000016)
    __rt_lib_init_alloca_1                   0x08000217   Thumb Code     0  libinit2.o(.ARM.Collect$$libinit$$0000002E)
    __rt_lib_init_argv_1                     0x08000217   Thumb Code     0  libinit2.o(.ARM.Collect$$libinit$$0000002C)
    __rt_lib_init_atexit_1                   0x08000217   Thumb Code     0  libinit2.o(.ARM.Collect$$libinit$$0000001B)
    __rt_lib_init_clock_1                    0x08000217   Thumb Code     0  libinit2.o(.ARM.Collect$$libinit$$00000021)
    __rt_lib_init_cpp_1                      0x08000217   Thumb Code     0  libinit2.o(.ARM.Collect$$libinit$$00000032)
    __rt_lib_init_exceptions_1               0x08000217   Thumb Code     0  libinit2.o(.ARM.Collect$$libinit$$00000030)
    __rt_lib_init_fp_trap_1                  0x08000217   Thumb Code     0  libinit2.o(.ARM.Collect$$libinit$$0000001F)
    __rt_lib_init_getenv_1                   0x08000217   Thumb Code     0  libinit2.o(.ARM.Collect$$libinit$$00000023)
    __rt_lib_init_lc_numeric_1               0x08000217   Thumb Code     0  libinit2.o(.ARM.Collect$$libinit$$00000017)
    __rt_lib_init_lc_time_1                  0x08000217   Thumb Code     0  libinit2.o(.ARM.Collect$$libinit$$00000019)
    __rt_lib_init_return                     0x08000217   Thumb Code     0  libinit2.o(.ARM.Collect$$libinit$$00000033)
    __rt_lib_init_signal_1                   0x08000217   Thumb Code     0  libinit2.o(.ARM.Collect$$libinit$$0000001D)
    __rt_lib_init_stdio_1                    0x08000217   Thumb Code     0  libinit2.o(.ARM.Collect$$libinit$$00000025)
    __rt_lib_shutdown                        0x08000219   Thumb Code     0  libshutdown.o(.ARM.Collect$$libshutdown$$00000000)
    __rt_lib_shutdown_cpp_1                  0x0800021b   Thumb Code     0  libshutdown2.o(.ARM.Collect$$libshutdown$$00000004)
    __rt_lib_shutdown_fini_1                 0x0800021b   Thumb Code     0  libshutdown2.o(.ARM.Collect$$libshutdown$$00000002)
    __rt_lib_shutdown_fp_trap_1              0x0800021b   Thumb Code     0  libshutdown2.o(.ARM.Collect$$libshutdown$$00000009)
    __rt_lib_shutdown_heap_1                 0x0800021b   Thumb Code     0  libshutdown2.o(.ARM.Collect$$libshutdown$$00000011)
    __rt_lib_shutdown_return                 0x0800021b   Thumb Code     0  libshutdown2.o(.ARM.Collect$$libshutdown$$00000012)
    __rt_lib_shutdown_signal_1               0x0800021b   Thumb Code     0  libshutdown2.o(.ARM.Collect$$libshutdown$$0000000C)
    __rt_lib_shutdown_stdio_1                0x0800021b   Thumb Code     0  libshutdown2.o(.ARM.Collect$$libshutdown$$00000006)
    __rt_lib_shutdown_user_alloc_1           0x0800021b   Thumb Code     0  libshutdown2.o(.ARM.Collect$$libshutdown$$0000000E)
    __rt_entry                               0x0800021d   Thumb Code     0  __rtentry.o(.ARM.Collect$$rtentry$$00000000)
    __rt_entry_presh_1                       0x0800021d   Thumb Code     0  __rtentry2.o(.ARM.Collect$$rtentry$$00000002)
    __rt_entry_sh                            0x0800021d   Thumb Code     0  __rtentry4.o(.ARM.Collect$$rtentry$$00000004)
    __rt_entry_li                            0x08000223   Thumb Code     0  __rtentry2.o(.ARM.Collect$$rtentry$$0000000A)
    __rt_entry_postsh_1                      0x08000223   Thumb Code     0  __rtentry2.o(.ARM.Collect$$rtentry$$00000009)
    __rt_entry_main                          0x08000227   Thumb Code     0  __rtentry2.o(.ARM.Collect$$rtentry$$0000000D)
    __rt_entry_postli_1                      0x08000227   Thumb Code     0  __rtentry2.o(.ARM.Collect$$rtentry$$0000000C)
    __rt_exit                                0x0800022f   Thumb Code     0  rtexit.o(.ARM.Collect$$rtexit$$00000000)
    __rt_exit_ls                             0x08000231   Thumb Code     0  rtexit2.o(.ARM.Collect$$rtexit$$00000003)
    __rt_exit_prels_1                        0x08000231   Thumb Code     0  rtexit2.o(.ARM.Collect$$rtexit$$00000002)
    __rt_exit_exit                           0x08000235   Thumb Code     0  rtexit2.o(.ARM.Collect$$rtexit$$00000004)
    Reset_Handler                            0x0800023d   Thumb Code     8  startup_stm32f10x_md.o(.text)
    _maybe_terminate_alloc                   0x0800023d   Thumb Code     0  maybetermalloc1.o(.emb_text)
    ADC1_2_IRQHandler                        0x08000257   Thumb Code     0  startup_stm32f10x_md.o(.text)
    CAN1_RX1_IRQHandler                      0x08000257   Thumb Code     0  startup_stm32f10x_md.o(.text)
    CAN1_SCE_IRQHandler                      0x08000257   Thumb Code     0  startup_stm32f10x_md.o(.text)
    DMA1_Channel1_IRQHandler                 0x08000257   Thumb Code     0  startup_stm32f10x_md.o(.text)
    DMA1_Channel2_IRQHandler                 0x08000257   Thumb Code     0  startup_stm32f10x_md.o(.text)
    DMA1_Channel3_IRQHandler                 0x08000257   Thumb Code     0  startup_stm32f10x_md.o(.text)
    DMA1_Channel4_IRQHandler                 0x08000257   Thumb Code     0  startup_stm32f10x_md.o(.text)
    DMA1_Channel5_IRQHandler                 0x08000257   Thumb Code     0  startup_stm32f10x_md.o(.text)
    DMA1_Channel6_IRQHandler                 0x08000257   Thumb Code     0  startup_stm32f10x_md.o(.text)
    DMA1_Channel7_IRQHandler                 0x08000257   Thumb Code     0  startup_stm32f10x_md.o(.text)
    EXTI0_IRQHandler                         0x08000257   Thumb Code     0  startup_stm32f10x_md.o(.text)
    EXTI15_10_IRQHandler                     0x08000257   Thumb Code     0  startup_stm32f10x_md.o(.text)
    EXTI1_IRQHandler                         0x08000257   Thumb Code     0  startup_stm32f10x_md.o(.text)
    EXTI2_IRQHandler                         0x08000257   Thumb Code     0  startup_stm32f10x_md.o(.text)
    EXTI3_IRQHandler                         0x08000257   Thumb Code     0  startup_stm32f10x_md.o(.text)
    EXTI4_IRQHandler                         0x08000257   Thumb Code     0  startup_stm32f10x_md.o(.text)
    EXTI9_5_IRQHandler                       0x08000257   Thumb Code     0  startup_stm32f10x_md.o(.text)
    FLASH_IRQHandler                         0x08000257   Thumb Code     0  startup_stm32f10x_md.o(.text)
    I2C1_ER_IRQHandler                       0x08000257   Thumb Code     0  startup_stm32f10x_md.o(.text)
    I2C1_EV_IRQHandler                       0x08000257   Thumb Code     0  startup_stm32f10x_md.o(.text)
    I2C2_ER_IRQHandler                       0x08000257   Thumb Code     0  startup_stm32f10x_md.o(.text)
    I2C2_EV_IRQHandler                       0x08000257   Thumb Code     0  startup_stm32f10x_md.o(.text)
    PVD_IRQHandler                           0x08000257   Thumb Code     0  startup_stm32f10x_md.o(.text)
    RCC_IRQHandler                           0x08000257   Thumb Code     0  startup_stm32f10x_md.o(.text)
    RTCAlarm_IRQHandler                      0x08000257   Thumb Code     0  startup_stm32f10x_md.o(.text)
    RTC_IRQHandler                           0x08000257   Thumb Code     0  startup_stm32f10x_md.o(.text)
    SPI1_IRQHandler                          0x08000257   Thumb Code     0  startup_stm32f10x_md.o(.text)
    SPI2_IRQHandler                          0x08000257   Thumb Code     0  startup_stm32f10x_md.o(.text)
    TAMPER_IRQHandler                        0x08000257   Thumb Code     0  startup_stm32f10x_md.o(.text)
    TIM1_BRK_IRQHandler                      0x08000257   Thumb Code     0  startup_stm32f10x_md.o(.text)
    TIM1_CC_IRQHandler                       0x08000257   Thumb Code     0  startup_stm32f10x_md.o(.text)
    TIM1_TRG_COM_IRQHandler                  0x08000257   Thumb Code     0  startup_stm32f10x_md.o(.text)
    TIM2_IRQHandler                          0x08000257   Thumb Code     0  startup_stm32f10x_md.o(.text)
    TIM3_IRQHandler                          0x08000257   Thumb Code     0  startup_stm32f10x_md.o(.text)
    TIM4_IRQHandler                          0x08000257   Thumb Code     0  startup_stm32f10x_md.o(.text)
    USART1_IRQHandler                        0x08000257   Thumb Code     0  startup_stm32f10x_md.o(.text)
    USART2_IRQHandler                        0x08000257   Thumb Code     0  startup_stm32f10x_md.o(.text)
    USART3_IRQHandler                        0x08000257   Thumb Code     0  startup_stm32f10x_md.o(.text)
    USBWakeUp_IRQHandler                     0x08000257   Thumb Code     0  startup_stm32f10x_md.o(.text)
    USB_HP_CAN1_TX_IRQHandler                0x08000257   Thumb Code     0  startup_stm32f10x_md.o(.text)
    USB_LP_CAN1_RX0_IRQHandler               0x08000257   Thumb Code     0  startup_stm32f10x_md.o(.text)
    WWDG_IRQHandler                          0x08000257   Thumb Code     0  startup_stm32f10x_md.o(.text)
    __user_initial_stackheap                 0x08000259   Thumb Code     0  startup_stm32f10x_md.o(.text)
    malloc                                   0x0800027d   Thumb Code    94  h1_alloc.o(.text)
    vsprintf                                 0x080002dd   Thumb Code    32  vsprintf.o(.text)
    __use_two_region_memory                  0x08000301   Thumb Code     2  heapauxi.o(.text)
    __rt_heap_escrow                         0x08000303   Thumb Code     2  heapauxi.o(.text)
    __rt_heap_expand                         0x08000305   Thumb Code     2  heapauxi.o(.text)
    __rt_heap_descriptor                     0x08000309   Thumb Code     8  rt_heap_descriptor_intlibspace.o(.text)
    __use_no_heap                            0x08000311   Thumb Code     2  hguard.o(.text)
    __heap$guard                             0x08000313   Thumb Code     2  hguard.o(.text)
    _terminate_user_alloc                    0x08000315   Thumb Code     2  init_alloc.o(.text)
    _init_user_alloc                         0x08000317   Thumb Code     2  init_alloc.o(.text)
    __Heap_Full                              0x08000319   Thumb Code    34  init_alloc.o(.text)
    __Heap_Broken                            0x0800033b   Thumb Code     6  init_alloc.o(.text)
    _init_alloc                              0x08000341   Thumb Code    94  init_alloc.o(.text)
    __Heap_Initialize                        0x0800039f   Thumb Code    10  h1_init.o(.text)
    __Heap_DescSize                          0x080003a9   Thumb Code     4  h1_init.o(.text)
    free                                     0x080003ad   Thumb Code    78  h1_free.o(.text)
    _printf_pre_padding                      0x080003fb   Thumb Code    44  _printf_pad.o(.text)
    _printf_post_padding                     0x08000427   Thumb Code    34  _printf_pad.o(.text)
    _printf_truncate_signed                  0x08000449   Thumb Code    18  _printf_truncate.o(.text)
    _printf_truncate_unsigned                0x0800045b   Thumb Code    18  _printf_truncate.o(.text)
    _printf_str                              0x0800046d   Thumb Code    82  _printf_str.o(.text)
    _printf_int_dec                          0x080004c1   Thumb Code   104  _printf_dec.o(.text)
    _printf_charcount                        0x08000539   Thumb Code    40  _printf_charcount.o(.text)
    _printf_char_common                      0x0800056b   Thumb Code    32  _printf_char_common.o(.text)
    _sputc                                   0x08000591   Thumb Code    10  _sputc.o(.text)
    _printf_wctomb                           0x0800059d   Thumb Code   182  _printf_wctomb.o(.text)
    _printf_longlong_dec                     0x08000659   Thumb Code   108  _printf_longlong_dec.o(.text)
    _printf_longlong_oct                     0x080006d5   Thumb Code    66  _printf_oct_int_ll.o(.text)
    _printf_int_oct                          0x08000717   Thumb Code    24  _printf_oct_int_ll.o(.text)
    _printf_ll_oct                           0x0800072f   Thumb Code    12  _printf_oct_int_ll.o(.text)
    _printf_longlong_hex                     0x08000745   Thumb Code    86  _printf_hex_int_ll_ptr.o(.text)
    _printf_int_hex                          0x0800079b   Thumb Code    28  _printf_hex_int_ll_ptr.o(.text)
    _printf_ll_hex                           0x080007b7   Thumb Code    12  _printf_hex_int_ll_ptr.o(.text)
    _printf_hex_ptr                          0x080007c3   Thumb Code    18  _printf_hex_int_ll_ptr.o(.text)
    __printf                                 0x080007d9   Thumb Code   388  __printf_flags_ss_wp.o(.text)
    __user_libspace                          0x08000961   Thumb Code     8  libspace.o(.text)
    __user_perproc_libspace                  0x08000961   Thumb Code     0  libspace.o(.text)
    __user_perthread_libspace                0x08000961   Thumb Code     0  libspace.o(.text)
    __Heap_ProvideMemory                     0x08000969   Thumb Code    52  h1_extend.o(.text)
    _ll_udiv10                               0x0800099d   Thumb Code   138  lludiv10.o(.text)
    _printf_int_common                       0x08000a27   Thumb Code   178  _printf_intcommon.o(.text)
    __lib_sel_fp_printf                      0x08000ad9   Thumb Code     2  _printf_fp_dec.o(.text)
    _printf_fp_dec_real                      0x08000c8b   Thumb Code   620  _printf_fp_dec.o(.text)
    _printf_fp_hex_real                      0x08000ef9   Thumb Code   756  _printf_fp_hex.o(.text)
    _printf_cs_common                        0x080011f5   Thumb Code    20  _printf_char.o(.text)
    _printf_char                             0x08001209   Thumb Code    16  _printf_char.o(.text)
    _printf_string                           0x08001219   Thumb Code     8  _printf_char.o(.text)
    _printf_lcs_common                       0x08001221   Thumb Code    20  _printf_wchar.o(.text)
    _printf_wchar                            0x08001235   Thumb Code    16  _printf_wchar.o(.text)
    _printf_wstring                          0x08001245   Thumb Code     8  _printf_wchar.o(.text)
    _wcrtomb                                 0x0800124d   Thumb Code    64  _wcrtomb.o(.text)
    __rt_SIGRTMEM                            0x0800128d   Thumb Code    14  defsig_rtmem_outer.o(.text)
    __I$use$semihosting                      0x0800129b   Thumb Code     0  use_no_semi.o(.text)
    __use_no_semihosting_swi                 0x0800129b   Thumb Code     2  use_no_semi.o(.text)
    __semihosting_library_function           0x0800129d   Thumb Code     0  indicate_semi.o(.text)
    __user_setup_stackheap                   0x0800129d   Thumb Code    74  sys_stackheap_outer.o(.text)
    __rt_ctype_table                         0x080012e9   Thumb Code    16  rt_ctype_table.o(.text)
    __rt_locale                              0x080012f9   Thumb Code     8  rt_locale_intlibspace.o(.text)
    _printf_fp_infnan                        0x08001301   Thumb Code   112  _printf_fp_infnan.o(.text)
    _btod_etento                             0x08001381   Thumb Code   224  bigflt0.o(.text)
    exit                                     0x08001465   Thumb Code    18  exit.o(.text)
    __sig_exit                               0x08001477   Thumb Code    10  defsig_exit.o(.text)
    __rt_SIGRTMEM_inner                      0x08001481   Thumb Code    22  defsig_rtmem_inner.o(.text)
    _sys_exit                                0x080014d1   Thumb Code     8  sys_exit.o(.text)
    __default_signal_display                 0x080014dd   Thumb Code    50  defsig_general.o(.text)
    strcmp                                   0x08001511   Thumb Code   128  strcmpv7m.o(.text)
    _ttywrch                                 0x08001591   Thumb Code    14  sys_wrch.o(.text)
    _btod_d2e                                0x0800159f   Thumb Code    62  btod.o(CL$$btod_d2e)
    _d2e_denorm_low                          0x080015dd   Thumb Code    70  btod.o(CL$$btod_d2e_denorm_low)
    _d2e_norm_op1                            0x08001623   Thumb Code    96  btod.o(CL$$btod_d2e_norm_op1)
    __btod_div_common                        0x08001683   Thumb Code   696  btod.o(CL$$btod_div_common)
    _e2e                                     0x080019bb   Thumb Code   220  btod.o(CL$$btod_e2e)
    _btod_ediv                               0x08001a97   Thumb Code    42  btod.o(CL$$btod_ediv)
    _btod_emul                               0x08001ac1   Thumb Code    42  btod.o(CL$$btod_emul)
    __btod_mult_common                       0x08001aeb   Thumb Code   580  btod.o(CL$$btod_mult_common)
    ADC_Cmd                                  0x08001d2f   Thumb Code    22  stm32f10x_adc.o(i.ADC_Cmd)
    ADC_GetCalibrationStatus                 0x08001d45   Thumb Code    20  stm32f10x_adc.o(i.ADC_GetCalibrationStatus)
    ADC_GetConversionValue                   0x08001d59   Thumb Code     8  stm32f10x_adc.o(i.ADC_GetConversionValue)
    ADC_GetFlagStatus                        0x08001d61   Thumb Code    18  stm32f10x_adc.o(i.ADC_GetFlagStatus)
    ADC_GetResetCalibrationStatus            0x08001d73   Thumb Code    20  stm32f10x_adc.o(i.ADC_GetResetCalibrationStatus)
    ADC_Init                                 0x08001d89   Thumb Code    70  stm32f10x_adc.o(i.ADC_Init)
    ADC_RegularChannelConfig                 0x08001dd9   Thumb Code   184  stm32f10x_adc.o(i.ADC_RegularChannelConfig)
    ADC_ResetCalibration                     0x08001e91   Thumb Code    10  stm32f10x_adc.o(i.ADC_ResetCalibration)
    ADC_SoftwareStartConvCmd                 0x08001e9b   Thumb Code    22  stm32f10x_adc.o(i.ADC_SoftwareStartConvCmd)
    ADC_StartCalibration                     0x08001eb1   Thumb Code    10  stm32f10x_adc.o(i.ADC_StartCalibration)
    AD_GetValue                              0x08001ebd   Thumb Code    46  ad.o(i.AD_GetValue)
    AD_Init                                  0x08001ef1   Thumb Code   138  ad.o(i.AD_Init)
    BusFault_Handler                         0x08001f85   Thumb Code     4  stm32f10x_it.o(i.BusFault_Handler)
    DebugMon_Handler                         0x08001f89   Thumb Code     2  stm32f10x_it.o(i.DebugMon_Handler)
    Delay_ms                                 0x08001f8b   Thumb Code    24  delay.o(i.Delay_ms)
    Delay_us                                 0x08001fa3   Thumb Code    46  delay.o(i.Delay_us)
    GPIO_Init                                0x08001fd1   Thumb Code   278  stm32f10x_gpio.o(i.GPIO_Init)
    GPIO_ReadInputDataBit                    0x080020e7   Thumb Code    18  stm32f10x_gpio.o(i.GPIO_ReadInputDataBit)
    GPIO_ResetBits                           0x080020f9   Thumb Code     4  stm32f10x_gpio.o(i.GPIO_ResetBits)
    GPIO_SetBits                             0x080020fd   Thumb Code     4  stm32f10x_gpio.o(i.GPIO_SetBits)
    GPIO_WriteBit                            0x08002101   Thumb Code    10  stm32f10x_gpio.o(i.GPIO_WriteBit)
    HardFault_Handler                        0x0800210b   Thumb Code     4  stm32f10x_it.o(i.HardFault_Handler)
    Key_GetNum                               0x08002111   Thumb Code    88  key.o(i.Key_GetNum)
    Key_Init                                 0x0800216d   Thumb Code    40  key.o(i.Key_Init)
    LightSensor_Init                         0x08002199   Thumb Code    38  lightsensor.o(i.LightSensor_Init)
    MemManage_Handler                        0x080021c5   Thumb Code     4  stm32f10x_it.o(i.MemManage_Handler)
    Motor_Init                               0x080021c9   Thumb Code    42  motor.o(i.Motor_Init)
    Motor_SetSpeed                           0x080021f9   Thumb Code    58  motor.o(i.Motor_SetSpeed)
    MySPI_Init                               0x08002239   Thumb Code    80  myspi.o(i.MySPI_Init)
    MySPI_R_MISO                             0x0800228d   Thumb Code    14  myspi.o(i.MySPI_R_MISO)
    MySPI_Start                              0x080022a1   Thumb Code    10  myspi.o(i.MySPI_Start)
    MySPI_Stop                               0x080022ab   Thumb Code    10  myspi.o(i.MySPI_Stop)
    MySPI_SwapByte                           0x080022b5   Thumb Code    60  myspi.o(i.MySPI_SwapByte)
    MySPI_W_MOSI                             0x080022f1   Thumb Code    18  myspi.o(i.MySPI_W_MOSI)
    MySPI_W_SCK                              0x08002309   Thumb Code    18  myspi.o(i.MySPI_W_SCK)
    MySPI_W_SS                               0x08002321   Thumb Code    18  myspi.o(i.MySPI_W_SS)
    NMI_Handler                              0x08002339   Thumb Code     2  stm32f10x_it.o(i.NMI_Handler)
    NVIC_Init                                0x0800233d   Thumb Code   100  misc.o(i.NVIC_Init)
    NVIC_PriorityGroupConfig                 0x080023ad   Thumb Code    10  misc.o(i.NVIC_PriorityGroupConfig)
    OLED_Clear                               0x080023c1   Thumb Code    42  oled.o(i.OLED_Clear)
    OLED_I2C_Init                            0x080023ed   Thumb Code    76  oled.o(i.OLED_I2C_Init)
    OLED_I2C_SendByte                        0x0800243d   Thumb Code    80  oled.o(i.OLED_I2C_SendByte)
    OLED_I2C_Start                           0x08002491   Thumb Code    48  oled.o(i.OLED_I2C_Start)
    OLED_I2C_Stop                            0x080024c5   Thumb Code    36  oled.o(i.OLED_I2C_Stop)
    OLED_Init                                0x080024ed   Thumb Code   174  oled.o(i.OLED_Init)
    OLED_Pow                                 0x0800259b   Thumb Code    20  oled.o(i.OLED_Pow)
    OLED_SetCursor                           0x080025af   Thumb Code    34  oled.o(i.OLED_SetCursor)
    OLED_ShowChar                            0x080025d1   Thumb Code   110  oled.o(i.OLED_ShowChar)
    OLED_ShowNum                             0x08002645   Thumb Code    68  oled.o(i.OLED_ShowNum)
    OLED_ShowSignedNum                       0x08002689   Thumb Code   102  oled.o(i.OLED_ShowSignedNum)
    OLED_ShowString                          0x080026ef   Thumb Code    40  oled.o(i.OLED_ShowString)
    OLED_WriteCommand                        0x08002717   Thumb Code    32  oled.o(i.OLED_WriteCommand)
    OLED_WriteData                           0x08002737   Thumb Code    32  oled.o(i.OLED_WriteData)
    PWM_Init                                 0x08002759   Thumb Code   144  pwm.o(i.PWM_Init)
    PWM_SetCompare3                          0x080027ed   Thumb Code    16  pwm.o(i.PWM_SetCompare3)
    PendSV_Handler                           0x080027fd   Thumb Code     2  stm32f10x_it.o(i.PendSV_Handler)
    RCC_ADCCLKConfig                         0x08002801   Thumb Code    18  stm32f10x_rcc.o(i.RCC_ADCCLKConfig)
    RCC_APB1PeriphClockCmd                   0x08002819   Thumb Code    26  stm32f10x_rcc.o(i.RCC_APB1PeriphClockCmd)
    RCC_APB2PeriphClockCmd                   0x08002839   Thumb Code    26  stm32f10x_rcc.o(i.RCC_APB2PeriphClockCmd)
    RCC_GetClocksFreq                        0x08002859   Thumb Code   192  stm32f10x_rcc.o(i.RCC_GetClocksFreq)
    SVC_Handler                              0x0800292d   Thumb Code     2  stm32f10x_it.o(i.SVC_Handler)
    Serial_Init                              0x08002931   Thumb Code   100  serial.o(i.Serial_Init)
    Serial_Pow                               0x0800299d   Thumb Code    20  serial.o(i.Serial_Pow)
    Serial_Printf                            0x080029b1   Thumb Code    36  serial.o(i.Serial_Printf)
    Serial_SendByte                          0x080029d5   Thumb Code    28  serial.o(i.Serial_SendByte)
    Serial_SendNumber                        0x080029f5   Thumb Code    58  serial.o(i.Serial_SendNumber)
    Serial_SendString                        0x08002a2f   Thumb Code    26  serial.o(i.Serial_SendString)
    SysTick_Handler                          0x08002b31   Thumb Code     2  stm32f10x_it.o(i.SysTick_Handler)
    SystemInit                               0x08002b35   Thumb Code    78  system_stm32f10x.o(i.SystemInit)
    TIM1_UP_IRQHandler                       0x08002b95   Thumb Code   108  main.o(i.TIM1_UP_IRQHandler)
    TIM_ClearFlag                            0x08002c25   Thumb Code     6  stm32f10x_tim.o(i.TIM_ClearFlag)
    TIM_ClearITPendingBit                    0x08002c2b   Thumb Code     6  stm32f10x_tim.o(i.TIM_ClearITPendingBit)
    TIM_Cmd                                  0x08002c31   Thumb Code    24  stm32f10x_tim.o(i.TIM_Cmd)
    TIM_GetITStatus                          0x08002c49   Thumb Code    34  stm32f10x_tim.o(i.TIM_GetITStatus)
    TIM_ITConfig                             0x08002c6b   Thumb Code    18  stm32f10x_tim.o(i.TIM_ITConfig)
    TIM_InternalClockConfig                  0x08002c7d   Thumb Code    12  stm32f10x_tim.o(i.TIM_InternalClockConfig)
    TIM_OC3Init                              0x08002c89   Thumb Code   150  stm32f10x_tim.o(i.TIM_OC3Init)
    TIM_OCStructInit                         0x08002d29   Thumb Code    20  stm32f10x_tim.o(i.TIM_OCStructInit)
    TIM_SetCompare3                          0x08002d3d   Thumb Code     4  stm32f10x_tim.o(i.TIM_SetCompare3)
    TIM_TimeBaseInit                         0x08002d41   Thumb Code   122  stm32f10x_tim.o(i.TIM_TimeBaseInit)
    Timer_Init                               0x08002de5   Thumb Code   122  timer.o(i.Timer_Init)
    USART_Cmd                                0x08002e65   Thumb Code    24  stm32f10x_usart.o(i.USART_Cmd)
    USART_GetFlagStatus                      0x08002e7d   Thumb Code    26  stm32f10x_usart.o(i.USART_GetFlagStatus)
    USART_Init                               0x08002e99   Thumb Code   210  stm32f10x_usart.o(i.USART_Init)
    USART_SendData                           0x08002f71   Thumb Code     8  stm32f10x_usart.o(i.USART_SendData)
    UsageFault_Handler                       0x08002f79   Thumb Code     4  stm32f10x_it.o(i.UsageFault_Handler)
    W25Q64_Init                              0x08002f7d   Thumb Code     8  w25q64.o(i.W25Q64_Init)
    W25Q64_PageProgram                       0x08002f85   Thumb Code    76  w25q64.o(i.W25Q64_PageProgram)
    W25Q64_ReadData                          0x08002fd1   Thumb Code    68  w25q64.o(i.W25Q64_ReadData)
    W25Q64_WaitBusy                          0x08003015   Thumb Code    44  w25q64.o(i.W25Q64_WaitBusy)
    W25Q64_WriteEnable                       0x08003045   Thumb Code    18  w25q64.o(i.W25Q64_WriteEnable)
    W25Q64_searchAd                          0x08003057   Thumb Code    88  w25q64.o(i.W25Q64_searchAd)
    __ARM_fpclassify                         0x080030af   Thumb Code    40  fpclassify.o(i.__ARM_fpclassify)
    _is_digit                                0x080030d7   Thumb Code    14  __printf_wp.o(i._is_digit)
    main                                     0x080030e5   Thumb Code   456  main.o(i.main)
    _get_lc_numeric                          0x080032f9   Thumb Code    44  lc_numeric_c.o(locale$$code)
    _get_lc_ctype                            0x08003325   Thumb Code    44  lc_ctype_c.o(locale$$code)
    __aeabi_fadd                             0x08003351   Thumb Code     0  faddsub_clz.o(x$fpl$fadd)
    _fadd                                    0x08003351   Thumb Code   196  faddsub_clz.o(x$fpl$fadd)
    __fpl_fcmp_Inf                           0x08003415   Thumb Code    24  fcmpi.o(x$fpl$fcmpinf)
    __aeabi_f2uiz                            0x0800342d   Thumb Code     0  ffixu.o(x$fpl$ffixu)
    _ffixu                                   0x0800342d   Thumb Code    62  ffixu.o(x$fpl$ffixu)
    __aeabi_ui2f                             0x0800346d   Thumb Code     0  fflt_clz.o(x$fpl$ffltu)
    _ffltu                                   0x0800346d   Thumb Code    38  fflt_clz.o(x$fpl$ffltu)
    __aeabi_cfcmple                          0x08003495   Thumb Code     0  fleqf.o(x$fpl$fleqf)
    _fcmple                                  0x08003495   Thumb Code   104  fleqf.o(x$fpl$fleqf)
    __fpl_fcmple_InfNaN                      0x080034e7   Thumb Code     0  fleqf.o(x$fpl$fleqf)
    __aeabi_fmul                             0x080034fd   Thumb Code     0  fmul.o(x$fpl$fmul)
    _fmul                                    0x080034fd   Thumb Code   258  fmul.o(x$fpl$fmul)
    __fpl_fnaninf                            0x080035ff   Thumb Code   140  fnaninf.o(x$fpl$fnaninf)
    __fpl_fretinf                            0x0800368b   Thumb Code    10  fretinf.o(x$fpl$fretinf)
    __aeabi_cfrcmple                         0x08003695   Thumb Code     0  frleqf.o(x$fpl$frleqf)
    _frcmple                                 0x08003695   Thumb Code    98  frleqf.o(x$fpl$frleqf)
    __aeabi_frsub                            0x080036f7   Thumb Code     0  faddsub_clz.o(x$fpl$frsb)
    _frsb                                    0x080036f7   Thumb Code    20  faddsub_clz.o(x$fpl$frsb)
    __aeabi_fsub                             0x0800370d   Thumb Code     0  faddsub_clz.o(x$fpl$fsub)
    _fsub                                    0x0800370d   Thumb Code   234  faddsub_clz.o(x$fpl$fsub)
    _printf_fp_dec                           0x080037f7   Thumb Code     4  printf1.o(x$fpl$printf1)
    _printf_fp_hex                           0x080037fb   Thumb Code     4  printf2.o(x$fpl$printf2)
    OLED_F8x16                               0x080037fe   Data        1520  oled.o(.constdata)
    __I$use$fp                               0x080037fe   Number         0  usenofp.o(x$fpl$usenofp)
    Region$$Table$$Base                      0x08003eec   Number         0  anon$$obj.o(Region$$Table)
    Region$$Table$$Limit                     0x08003f0c   Number         0  anon$$obj.o(Region$$Table)
    __ctype                                  0x08003f35   Data           0  lc_ctype_c.o(locale$$data)
    KeyNum                                   0x20000014   Data           1  main.o(.data)
    Speed                                    0x20000015   Data           1  main.o(.data)
    LI                                       0x20000016   Data           1  main.o(.data)
    ADValue                                  0x20000018   Data           2  main.o(.data)
    KeySpeed                                 0x2000001a   Data           1  main.o(.data)
    ArrayWrite                               0x2000001c   Data           4  main.o(.data)
    ArrayRead                                0x20000020   Data           4  main.o(.data)
    NowAdress                                0x20000024   Data           4  main.o(.data)
    num                                      0x20000028   Data           1  main.o(.data)
    MID                                      0x20000034   Data           1  main.o(.data)
    DID                                      0x20000036   Data           2  main.o(.data)
    __libspace_start                         0x20000038   Data          96  libspace.o(.bss)
    __temporary_stack_top$libspace           0x20000098   Data           0  libspace.o(.bss)



==============================================================================

Memory Map of the image

  Image Entry point : 0x080000ed

  Load Region LR_IROM1 (Base: 0x08000000, Size: 0x00004070, Max: 0x00010000, ABSOLUTE)

    Execution Region ER_IROM1 (Exec base: 0x08000000, Load base: 0x08000000, Size: 0x00004038, Max: 0x00010000, ABSOLUTE)

    Exec Addr    Load Addr    Size         Type   Attr      Idx    E Section Name        Object

    0x08000000   0x08000000   0x000000ec   Data   RO            3    RESET               startup_stm32f10x_md.o
    0x080000ec   0x080000ec   0x00000008   Code   RO         3839  * !!!main             c_w.l(__main.o)
    0x080000f4   0x080000f4   0x00000034   Code   RO         4242    !!!scatter          c_w.l(__scatter.o)
    0x08000128   0x08000128   0x0000001a   Code   RO         4244    !!handler_copy      c_w.l(__scatter_copy.o)
    0x08000142   0x08000142   0x00000002   PAD
    0x08000144   0x08000144   0x0000001c   Code   RO         4246    !!handler_zi        c_w.l(__scatter_zi.o)
    0x08000160   0x08000160   0x00000000   Code   RO         3976    .ARM.Collect$$_printf_percent$$00000000  c_w.l(_printf_percent.o)
    0x08000160   0x08000160   0x00000006   Code   RO         3965    .ARM.Collect$$_printf_percent$$00000001  c_w.l(_printf_n.o)
    0x08000166   0x08000166   0x00000006   Code   RO         3967    .ARM.Collect$$_printf_percent$$00000002  c_w.l(_printf_p.o)
    0x0800016c   0x0800016c   0x00000006   Code   RO         3972    .ARM.Collect$$_printf_percent$$00000003  c_w.l(_printf_f.o)
    0x08000172   0x08000172   0x00000006   Code   RO         3973    .ARM.Collect$$_printf_percent$$00000004  c_w.l(_printf_e.o)
    0x08000178   0x08000178   0x00000006   Code   RO         3974    .ARM.Collect$$_printf_percent$$00000005  c_w.l(_printf_g.o)
    0x0800017e   0x0800017e   0x00000006   Code   RO         3975    .ARM.Collect$$_printf_percent$$00000006  c_w.l(_printf_a.o)
    0x08000184   0x08000184   0x0000000a   Code   RO         3980    .ARM.Collect$$_printf_percent$$00000007  c_w.l(_printf_ll.o)
    0x0800018e   0x0800018e   0x00000006   Code   RO         3969    .ARM.Collect$$_printf_percent$$00000008  c_w.l(_printf_i.o)
    0x08000194   0x08000194   0x00000006   Code   RO         3970    .ARM.Collect$$_printf_percent$$00000009  c_w.l(_printf_d.o)
    0x0800019a   0x0800019a   0x00000006   Code   RO         3971    .ARM.Collect$$_printf_percent$$0000000A  c_w.l(_printf_u.o)
    0x080001a0   0x080001a0   0x00000006   Code   RO         3968    .ARM.Collect$$_printf_percent$$0000000B  c_w.l(_printf_o.o)
    0x080001a6   0x080001a6   0x00000006   Code   RO         3966    .ARM.Collect$$_printf_percent$$0000000C  c_w.l(_printf_x.o)
    0x080001ac   0x080001ac   0x00000006   Code   RO         3977    .ARM.Collect$$_printf_percent$$0000000D  c_w.l(_printf_lli.o)
    0x080001b2   0x080001b2   0x00000006   Code   RO         3978    .ARM.Collect$$_printf_percent$$0000000E  c_w.l(_printf_lld.o)
    0x080001b8   0x080001b8   0x00000006   Code   RO         3979    .ARM.Collect$$_printf_percent$$0000000F  c_w.l(_printf_llu.o)
    0x080001be   0x080001be   0x00000006   Code   RO         3984    .ARM.Collect$$_printf_percent$$00000010  c_w.l(_printf_llo.o)
    0x080001c4   0x080001c4   0x00000006   Code   RO         3985    .ARM.Collect$$_printf_percent$$00000011  c_w.l(_printf_llx.o)
    0x080001ca   0x080001ca   0x0000000a   Code   RO         3981    .ARM.Collect$$_printf_percent$$00000012  c_w.l(_printf_l.o)
    0x080001d4   0x080001d4   0x00000006   Code   RO         3963    .ARM.Collect$$_printf_percent$$00000013  c_w.l(_printf_c.o)
    0x080001da   0x080001da   0x00000006   Code   RO         3964    .ARM.Collect$$_printf_percent$$00000014  c_w.l(_printf_s.o)
    0x080001e0   0x080001e0   0x00000006   Code   RO         3982    .ARM.Collect$$_printf_percent$$00000015  c_w.l(_printf_lc.o)
    0x080001e6   0x080001e6   0x00000006   Code   RO         3983    .ARM.Collect$$_printf_percent$$00000016  c_w.l(_printf_ls.o)
    0x080001ec   0x080001ec   0x00000004   Code   RO         4093    .ARM.Collect$$_printf_percent$$00000017  c_w.l(_printf_percent_end.o)
    0x080001f0   0x080001f0   0x00000002   Code   RO         4170    .ARM.Collect$$libinit$$00000000  c_w.l(libinit.o)
    0x080001f2   0x080001f2   0x00000000   Code   RO         3991    .ARM.Collect$$libinit$$00000002  c_w.l(libinit2.o)
    0x080001f2   0x080001f2   0x00000000   Code   RO         3993    .ARM.Collect$$libinit$$00000004  c_w.l(libinit2.o)
    0x080001f2   0x080001f2   0x00000008   Code   RO         3994    .ARM.Collect$$libinit$$00000005  c_w.l(libinit2.o)
    0x080001fa   0x080001fa   0x00000000   Code   RO         3996    .ARM.Collect$$libinit$$0000000A  c_w.l(libinit2.o)
    0x080001fa   0x080001fa   0x00000000   Code   RO         3998    .ARM.Collect$$libinit$$0000000C  c_w.l(libinit2.o)
    0x080001fa   0x080001fa   0x00000000   Code   RO         4000    .ARM.Collect$$libinit$$0000000E  c_w.l(libinit2.o)
    0x080001fa   0x080001fa   0x00000006   Code   RO         4001    .ARM.Collect$$libinit$$0000000F  c_w.l(libinit2.o)
    0x08000200   0x08000200   0x00000000   Code   RO         4003    .ARM.Collect$$libinit$$00000011  c_w.l(libinit2.o)
    0x08000200   0x08000200   0x0000000c   Code   RO         4004    .ARM.Collect$$libinit$$00000012  c_w.l(libinit2.o)
    0x0800020c   0x0800020c   0x00000000   Code   RO         4005    .ARM.Collect$$libinit$$00000013  c_w.l(libinit2.o)
    0x0800020c   0x0800020c   0x00000000   Code   RO         4007    .ARM.Collect$$libinit$$00000015  c_w.l(libinit2.o)
    0x0800020c   0x0800020c   0x0000000a   Code   RO         4008    .ARM.Collect$$libinit$$00000016  c_w.l(libinit2.o)
    0x08000216   0x08000216   0x00000000   Code   RO         4009    .ARM.Collect$$libinit$$00000017  c_w.l(libinit2.o)
    0x08000216   0x08000216   0x00000000   Code   RO         4011    .ARM.Collect$$libinit$$00000019  c_w.l(libinit2.o)
    0x08000216   0x08000216   0x00000000   Code   RO         4013    .ARM.Collect$$libinit$$0000001B  c_w.l(libinit2.o)
    0x08000216   0x08000216   0x00000000   Code   RO         4015    .ARM.Collect$$libinit$$0000001D  c_w.l(libinit2.o)
    0x08000216   0x08000216   0x00000000   Code   RO         4017    .ARM.Collect$$libinit$$0000001F  c_w.l(libinit2.o)
    0x08000216   0x08000216   0x00000000   Code   RO         4019    .ARM.Collect$$libinit$$00000021  c_w.l(libinit2.o)
    0x08000216   0x08000216   0x00000000   Code   RO         4021    .ARM.Collect$$libinit$$00000023  c_w.l(libinit2.o)
    0x08000216   0x08000216   0x00000000   Code   RO         4023    .ARM.Collect$$libinit$$00000025  c_w.l(libinit2.o)
    0x08000216   0x08000216   0x00000000   Code   RO         4027    .ARM.Collect$$libinit$$0000002C  c_w.l(libinit2.o)
    0x08000216   0x08000216   0x00000000   Code   RO         4029    .ARM.Collect$$libinit$$0000002E  c_w.l(libinit2.o)
    0x08000216   0x08000216   0x00000000   Code   RO         4031    .ARM.Collect$$libinit$$00000030  c_w.l(libinit2.o)
    0x08000216   0x08000216   0x00000000   Code   RO         4033    .ARM.Collect$$libinit$$00000032  c_w.l(libinit2.o)
    0x08000216   0x08000216   0x00000002   Code   RO         4034    .ARM.Collect$$libinit$$00000033  c_w.l(libinit2.o)
    0x08000218   0x08000218   0x00000002   Code   RO         4239    .ARM.Collect$$libshutdown$$00000000  c_w.l(libshutdown.o)
    0x0800021a   0x0800021a   0x00000000   Code   RO         4193    .ARM.Collect$$libshutdown$$00000002  c_w.l(libshutdown2.o)
    0x0800021a   0x0800021a   0x00000000   Code   RO         4195    .ARM.Collect$$libshutdown$$00000004  c_w.l(libshutdown2.o)
    0x0800021a   0x0800021a   0x00000000   Code   RO         4197    .ARM.Collect$$libshutdown$$00000006  c_w.l(libshutdown2.o)
    0x0800021a   0x0800021a   0x00000000   Code   RO         4200    .ARM.Collect$$libshutdown$$00000009  c_w.l(libshutdown2.o)
    0x0800021a   0x0800021a   0x00000000   Code   RO         4203    .ARM.Collect$$libshutdown$$0000000C  c_w.l(libshutdown2.o)
    0x0800021a   0x0800021a   0x00000000   Code   RO         4205    .ARM.Collect$$libshutdown$$0000000E  c_w.l(libshutdown2.o)
    0x0800021a   0x0800021a   0x00000000   Code   RO         4208    .ARM.Collect$$libshutdown$$00000011  c_w.l(libshutdown2.o)
    0x0800021a   0x0800021a   0x00000002   Code   RO         4209    .ARM.Collect$$libshutdown$$00000012  c_w.l(libshutdown2.o)
    0x0800021c   0x0800021c   0x00000000   Code   RO         3863    .ARM.Collect$$rtentry$$00000000  c_w.l(__rtentry.o)
    0x0800021c   0x0800021c   0x00000000   Code   RO         4056    .ARM.Collect$$rtentry$$00000002  c_w.l(__rtentry2.o)
    0x0800021c   0x0800021c   0x00000006   Code   RO         4068    .ARM.Collect$$rtentry$$00000004  c_w.l(__rtentry4.o)
    0x08000222   0x08000222   0x00000000   Code   RO         4058    .ARM.Collect$$rtentry$$00000009  c_w.l(__rtentry2.o)
    0x08000222   0x08000222   0x00000004   Code   RO         4059    .ARM.Collect$$rtentry$$0000000A  c_w.l(__rtentry2.o)
    0x08000226   0x08000226   0x00000000   Code   RO         4061    .ARM.Collect$$rtentry$$0000000C  c_w.l(__rtentry2.o)
    0x08000226   0x08000226   0x00000008   Code   RO         4062    .ARM.Collect$$rtentry$$0000000D  c_w.l(__rtentry2.o)
    0x0800022e   0x0800022e   0x00000002   Code   RO         4177    .ARM.Collect$$rtexit$$00000000  c_w.l(rtexit.o)
    0x08000230   0x08000230   0x00000000   Code   RO         4213    .ARM.Collect$$rtexit$$00000002  c_w.l(rtexit2.o)
    0x08000230   0x08000230   0x00000004   Code   RO         4214    .ARM.Collect$$rtexit$$00000003  c_w.l(rtexit2.o)
    0x08000234   0x08000234   0x00000006   Code   RO         4215    .ARM.Collect$$rtexit$$00000004  c_w.l(rtexit2.o)
    0x0800023a   0x0800023a   0x00000002   PAD
    0x0800023c   0x0800023c   0x00000000   Code   RO         4072    .emb_text           c_w.l(maybetermalloc1.o)
    0x0800023c   0x0800023c   0x00000040   Code   RO            4    .text               startup_stm32f10x_md.o
    0x0800027c   0x0800027c   0x0000005e   Code   RO         3781    .text               c_w.l(h1_alloc.o)
    0x080002da   0x080002da   0x00000002   PAD
    0x080002dc   0x080002dc   0x00000024   Code   RO         3835    .text               c_w.l(vsprintf.o)
    0x08000300   0x08000300   0x00000006   Code   RO         3837    .text               c_w.l(heapauxi.o)
    0x08000306   0x08000306   0x00000002   PAD
    0x08000308   0x08000308   0x00000008   Code   RO         3867    .text               c_w.l(rt_heap_descriptor_intlibspace.o)
    0x08000310   0x08000310   0x00000004   Code   RO         3869    .text               c_w.l(hguard.o)
    0x08000314   0x08000314   0x0000008a   Code   RO         3871    .text               c_w.l(init_alloc.o)
    0x0800039e   0x0800039e   0x0000000e   Code   RO         3877    .text               c_w.l(h1_init.o)
    0x080003ac   0x080003ac   0x0000004e   Code   RO         3879    .text               c_w.l(h1_free.o)
    0x080003fa   0x080003fa   0x0000004e   Code   RO         3897    .text               c_w.l(_printf_pad.o)
    0x08000448   0x08000448   0x00000024   Code   RO         3899    .text               c_w.l(_printf_truncate.o)
    0x0800046c   0x0800046c   0x00000052   Code   RO         3901    .text               c_w.l(_printf_str.o)
    0x080004be   0x080004be   0x00000002   PAD
    0x080004c0   0x080004c0   0x00000078   Code   RO         3903    .text               c_w.l(_printf_dec.o)
    0x08000538   0x08000538   0x00000028   Code   RO         3905    .text               c_w.l(_printf_charcount.o)
    0x08000560   0x08000560   0x00000030   Code   RO         3907    .text               c_w.l(_printf_char_common.o)
    0x08000590   0x08000590   0x0000000a   Code   RO         3909    .text               c_w.l(_sputc.o)
    0x0800059a   0x0800059a   0x00000002   PAD
    0x0800059c   0x0800059c   0x000000bc   Code   RO         3911    .text               c_w.l(_printf_wctomb.o)
    0x08000658   0x08000658   0x0000007c   Code   RO         3914    .text               c_w.l(_printf_longlong_dec.o)
    0x080006d4   0x080006d4   0x00000070   Code   RO         3920    .text               c_w.l(_printf_oct_int_ll.o)
    0x08000744   0x08000744   0x00000094   Code   RO         3940    .text               c_w.l(_printf_hex_int_ll_ptr.o)
    0x080007d8   0x080007d8   0x00000188   Code   RO         3960    .text               c_w.l(__printf_flags_ss_wp.o)
    0x08000960   0x08000960   0x00000008   Code   RO         4052    .text               c_w.l(libspace.o)
    0x08000968   0x08000968   0x00000034   Code   RO         4074    .text               c_w.l(h1_extend.o)
    0x0800099c   0x0800099c   0x0000008a   Code   RO         4078    .text               c_w.l(lludiv10.o)
    0x08000a26   0x08000a26   0x000000b2   Code   RO         4080    .text               c_w.l(_printf_intcommon.o)
    0x08000ad8   0x08000ad8   0x0000041e   Code   RO         4082    .text               c_w.l(_printf_fp_dec.o)
    0x08000ef6   0x08000ef6   0x00000002   PAD
    0x08000ef8   0x08000ef8   0x000002fc   Code   RO         4084    .text               c_w.l(_printf_fp_hex.o)
    0x080011f4   0x080011f4   0x0000002c   Code   RO         4089    .text               c_w.l(_printf_char.o)
    0x08001220   0x08001220   0x0000002c   Code   RO         4091    .text               c_w.l(_printf_wchar.o)
    0x0800124c   0x0800124c   0x00000040   Code   RO         4094    .text               c_w.l(_wcrtomb.o)
    0x0800128c   0x0800128c   0x0000000e   Code   RO         4096    .text               c_w.l(defsig_rtmem_outer.o)
    0x0800129a   0x0800129a   0x00000002   Code   RO         4109    .text               c_w.l(use_no_semi.o)
    0x0800129c   0x0800129c   0x00000000   Code   RO         4111    .text               c_w.l(indicate_semi.o)
    0x0800129c   0x0800129c   0x0000004a   Code   RO         4112    .text               c_w.l(sys_stackheap_outer.o)
    0x080012e6   0x080012e6   0x00000002   PAD
    0x080012e8   0x080012e8   0x00000010   Code   RO         4114    .text               c_w.l(rt_ctype_table.o)
    0x080012f8   0x080012f8   0x00000008   Code   RO         4121    .text               c_w.l(rt_locale_intlibspace.o)
    0x08001300   0x08001300   0x00000080   Code   RO         4125    .text               c_w.l(_printf_fp_infnan.o)
    0x08001380   0x08001380   0x000000e4   Code   RO         4127    .text               c_w.l(bigflt0.o)
    0x08001464   0x08001464   0x00000012   Code   RO         4155    .text               c_w.l(exit.o)
    0x08001476   0x08001476   0x0000000a   Code   RO         4157    .text               c_w.l(defsig_exit.o)
    0x08001480   0x08001480   0x00000050   Code   RO         4159    .text               c_w.l(defsig_rtmem_inner.o)
    0x080014d0   0x080014d0   0x0000000c   Code   RO         4175    .text               c_w.l(sys_exit.o)
    0x080014dc   0x080014dc   0x00000032   Code   RO         4188    .text               c_w.l(defsig_general.o)
    0x0800150e   0x0800150e   0x00000002   PAD
    0x08001510   0x08001510   0x00000080   Code   RO         4190    .text               c_w.l(strcmpv7m.o)
    0x08001590   0x08001590   0x0000000e   Code   RO         4210    .text               c_w.l(sys_wrch.o)
    0x0800159e   0x0800159e   0x0000003e   Code   RO         4130    CL$$btod_d2e        c_w.l(btod.o)
    0x080015dc   0x080015dc   0x00000046   Code   RO         4132    CL$$btod_d2e_denorm_low  c_w.l(btod.o)
    0x08001622   0x08001622   0x00000060   Code   RO         4131    CL$$btod_d2e_norm_op1  c_w.l(btod.o)
    0x08001682   0x08001682   0x00000338   Code   RO         4140    CL$$btod_div_common  c_w.l(btod.o)
    0x080019ba   0x080019ba   0x000000dc   Code   RO         4137    CL$$btod_e2e        c_w.l(btod.o)
    0x08001a96   0x08001a96   0x0000002a   Code   RO         4134    CL$$btod_ediv       c_w.l(btod.o)
    0x08001ac0   0x08001ac0   0x0000002a   Code   RO         4133    CL$$btod_emul       c_w.l(btod.o)
    0x08001aea   0x08001aea   0x00000244   Code   RO         4139    CL$$btod_mult_common  c_w.l(btod.o)
    0x08001d2e   0x08001d2e   0x00000016   Code   RO          202    i.ADC_Cmd           stm32f10x_adc.o
    0x08001d44   0x08001d44   0x00000014   Code   RO          210    i.ADC_GetCalibrationStatus  stm32f10x_adc.o
    0x08001d58   0x08001d58   0x00000008   Code   RO          211    i.ADC_GetConversionValue  stm32f10x_adc.o
    0x08001d60   0x08001d60   0x00000012   Code   RO          213    i.ADC_GetFlagStatus  stm32f10x_adc.o
    0x08001d72   0x08001d72   0x00000014   Code   RO          216    i.ADC_GetResetCalibrationStatus  stm32f10x_adc.o
    0x08001d86   0x08001d86   0x00000002   PAD
    0x08001d88   0x08001d88   0x00000050   Code   RO          220    i.ADC_Init          stm32f10x_adc.o
    0x08001dd8   0x08001dd8   0x000000b8   Code   RO          224    i.ADC_RegularChannelConfig  stm32f10x_adc.o
    0x08001e90   0x08001e90   0x0000000a   Code   RO          225    i.ADC_ResetCalibration  stm32f10x_adc.o
    0x08001e9a   0x08001e9a   0x00000016   Code   RO          227    i.ADC_SoftwareStartConvCmd  stm32f10x_adc.o
    0x08001eb0   0x08001eb0   0x0000000a   Code   RO          229    i.ADC_StartCalibration  stm32f10x_adc.o
    0x08001eba   0x08001eba   0x00000002   PAD
    0x08001ebc   0x08001ebc   0x00000034   Code   RO         3448    i.AD_GetValue       ad.o
    0x08001ef0   0x08001ef0   0x00000094   Code   RO         3449    i.AD_Init           ad.o
    0x08001f84   0x08001f84   0x00000004   Code   RO         3714    i.BusFault_Handler  stm32f10x_it.o
    0x08001f88   0x08001f88   0x00000002   Code   RO         3715    i.DebugMon_Handler  stm32f10x_it.o
    0x08001f8a   0x08001f8a   0x00000018   Code   RO         3196    i.Delay_ms          delay.o
    0x08001fa2   0x08001fa2   0x0000002e   Code   RO         3198    i.Delay_us          delay.o
    0x08001fd0   0x08001fd0   0x00000116   Code   RO         1347    i.GPIO_Init         stm32f10x_gpio.o
    0x080020e6   0x080020e6   0x00000012   Code   RO         1351    i.GPIO_ReadInputDataBit  stm32f10x_gpio.o
    0x080020f8   0x080020f8   0x00000004   Code   RO         1354    i.GPIO_ResetBits    stm32f10x_gpio.o
    0x080020fc   0x080020fc   0x00000004   Code   RO         1355    i.GPIO_SetBits      stm32f10x_gpio.o
    0x08002100   0x08002100   0x0000000a   Code   RO         1358    i.GPIO_WriteBit     stm32f10x_gpio.o
    0x0800210a   0x0800210a   0x00000004   Code   RO         3716    i.HardFault_Handler  stm32f10x_it.o
    0x0800210e   0x0800210e   0x00000002   PAD
    0x08002110   0x08002110   0x0000005c   Code   RO         3280    i.Key_GetNum        key.o
    0x0800216c   0x0800216c   0x0000002c   Code   RO         3281    i.Key_Init          key.o
    0x08002198   0x08002198   0x0000002c   Code   RO         3467    i.LightSensor_Init  lightsensor.o
    0x080021c4   0x080021c4   0x00000004   Code   RO         3717    i.MemManage_Handler  stm32f10x_it.o
    0x080021c8   0x080021c8   0x00000030   Code   RO         3427    i.Motor_Init        motor.o
    0x080021f8   0x080021f8   0x00000040   Code   RO         3428    i.Motor_SetSpeed    motor.o
    0x08002238   0x08002238   0x00000054   Code   RO         3545    i.MySPI_Init        myspi.o
    0x0800228c   0x0800228c   0x00000014   Code   RO         3546    i.MySPI_R_MISO      myspi.o
    0x080022a0   0x080022a0   0x0000000a   Code   RO         3547    i.MySPI_Start       myspi.o
    0x080022aa   0x080022aa   0x0000000a   Code   RO         3548    i.MySPI_Stop        myspi.o
    0x080022b4   0x080022b4   0x0000003c   Code   RO         3549    i.MySPI_SwapByte    myspi.o
    0x080022f0   0x080022f0   0x00000018   Code   RO         3550    i.MySPI_W_MOSI      myspi.o
    0x08002308   0x08002308   0x00000018   Code   RO         3551    i.MySPI_W_SCK       myspi.o
    0x08002320   0x08002320   0x00000018   Code   RO         3552    i.MySPI_W_SS        myspi.o
    0x08002338   0x08002338   0x00000002   Code   RO         3718    i.NMI_Handler       stm32f10x_it.o
    0x0800233a   0x0800233a   0x00000002   PAD
    0x0800233c   0x0800233c   0x00000070   Code   RO          137    i.NVIC_Init         misc.o
    0x080023ac   0x080023ac   0x00000014   Code   RO          138    i.NVIC_PriorityGroupConfig  misc.o
    0x080023c0   0x080023c0   0x0000002a   Code   RO         3301    i.OLED_Clear        oled.o
    0x080023ea   0x080023ea   0x00000002   PAD
    0x080023ec   0x080023ec   0x00000050   Code   RO         3302    i.OLED_I2C_Init     oled.o
    0x0800243c   0x0800243c   0x00000054   Code   RO         3303    i.OLED_I2C_SendByte  oled.o
    0x08002490   0x08002490   0x00000034   Code   RO         3304    i.OLED_I2C_Start    oled.o
    0x080024c4   0x080024c4   0x00000028   Code   RO         3305    i.OLED_I2C_Stop     oled.o
    0x080024ec   0x080024ec   0x000000ae   Code   RO         3306    i.OLED_Init         oled.o
    0x0800259a   0x0800259a   0x00000014   Code   RO         3307    i.OLED_Pow          oled.o
    0x080025ae   0x080025ae   0x00000022   Code   RO         3308    i.OLED_SetCursor    oled.o
    0x080025d0   0x080025d0   0x00000074   Code   RO         3310    i.OLED_ShowChar     oled.o
    0x08002644   0x08002644   0x00000044   Code   RO         3312    i.OLED_ShowNum      oled.o
    0x08002688   0x08002688   0x00000066   Code   RO         3313    i.OLED_ShowSignedNum  oled.o
    0x080026ee   0x080026ee   0x00000028   Code   RO         3314    i.OLED_ShowString   oled.o
    0x08002716   0x08002716   0x00000020   Code   RO         3315    i.OLED_WriteCommand  oled.o
    0x08002736   0x08002736   0x00000020   Code   RO         3316    i.OLED_WriteData    oled.o
    0x08002756   0x08002756   0x00000002   PAD
    0x08002758   0x08002758   0x00000094   Code   RO         3409    i.PWM_Init          pwm.o
    0x080027ec   0x080027ec   0x00000010   Code   RO         3410    i.PWM_SetCompare3   pwm.o
    0x080027fc   0x080027fc   0x00000002   Code   RO         3719    i.PendSV_Handler    stm32f10x_it.o
    0x080027fe   0x080027fe   0x00000002   PAD
    0x08002800   0x08002800   0x00000018   Code   RO         1773    i.RCC_ADCCLKConfig  stm32f10x_rcc.o
    0x08002818   0x08002818   0x00000020   Code   RO         1775    i.RCC_APB1PeriphClockCmd  stm32f10x_rcc.o
    0x08002838   0x08002838   0x00000020   Code   RO         1777    i.RCC_APB2PeriphClockCmd  stm32f10x_rcc.o
    0x08002858   0x08002858   0x000000d4   Code   RO         1785    i.RCC_GetClocksFreq  stm32f10x_rcc.o
    0x0800292c   0x0800292c   0x00000002   Code   RO         3720    i.SVC_Handler       stm32f10x_it.o
    0x0800292e   0x0800292e   0x00000002   PAD
    0x08002930   0x08002930   0x0000006c   Code   RO         3484    i.Serial_Init       serial.o
    0x0800299c   0x0800299c   0x00000014   Code   RO         3485    i.Serial_Pow        serial.o
    0x080029b0   0x080029b0   0x00000024   Code   RO         3486    i.Serial_Printf     serial.o
    0x080029d4   0x080029d4   0x00000020   Code   RO         3488    i.Serial_SendByte   serial.o
    0x080029f4   0x080029f4   0x0000003a   Code   RO         3489    i.Serial_SendNumber  serial.o
    0x08002a2e   0x08002a2e   0x0000001a   Code   RO         3490    i.Serial_SendString  serial.o
    0x08002a48   0x08002a48   0x00000008   Code   RO           24    i.SetSysClock       system_stm32f10x.o
    0x08002a50   0x08002a50   0x000000e0   Code   RO           25    i.SetSysClockTo72   system_stm32f10x.o
    0x08002b30   0x08002b30   0x00000002   Code   RO         3721    i.SysTick_Handler   stm32f10x_it.o
    0x08002b32   0x08002b32   0x00000002   PAD
    0x08002b34   0x08002b34   0x00000060   Code   RO           27    i.SystemInit        system_stm32f10x.o
    0x08002b94   0x08002b94   0x00000090   Code   RO         3659    i.TIM1_UP_IRQHandler  main.o
    0x08002c24   0x08002c24   0x00000006   Code   RO         2415    i.TIM_ClearFlag     stm32f10x_tim.o
    0x08002c2a   0x08002c2a   0x00000006   Code   RO         2416    i.TIM_ClearITPendingBit  stm32f10x_tim.o
    0x08002c30   0x08002c30   0x00000018   Code   RO         2421    i.TIM_Cmd           stm32f10x_tim.o
    0x08002c48   0x08002c48   0x00000022   Code   RO         2442    i.TIM_GetITStatus   stm32f10x_tim.o
    0x08002c6a   0x08002c6a   0x00000012   Code   RO         2446    i.TIM_ITConfig      stm32f10x_tim.o
    0x08002c7c   0x08002c7c   0x0000000c   Code   RO         2448    i.TIM_InternalClockConfig  stm32f10x_tim.o
    0x08002c88   0x08002c88   0x000000a0   Code   RO         2460    i.TIM_OC3Init       stm32f10x_tim.o
    0x08002d28   0x08002d28   0x00000014   Code   RO         2468    i.TIM_OCStructInit  stm32f10x_tim.o
    0x08002d3c   0x08002d3c   0x00000004   Code   RO         2484    i.TIM_SetCompare3   stm32f10x_tim.o
    0x08002d40   0x08002d40   0x000000a4   Code   RO         2492    i.TIM_TimeBaseInit  stm32f10x_tim.o
    0x08002de4   0x08002de4   0x00000080   Code   RO         3220    i.Timer_Init        timer.o
    0x08002e64   0x08002e64   0x00000018   Code   RO         2960    i.USART_Cmd         stm32f10x_usart.o
    0x08002e7c   0x08002e7c   0x0000001a   Code   RO         2963    i.USART_GetFlagStatus  stm32f10x_usart.o
    0x08002e96   0x08002e96   0x00000002   PAD
    0x08002e98   0x08002e98   0x000000d8   Code   RO         2967    i.USART_Init        stm32f10x_usart.o
    0x08002f70   0x08002f70   0x00000008   Code   RO         2977    i.USART_SendData    stm32f10x_usart.o
    0x08002f78   0x08002f78   0x00000004   Code   RO         3722    i.UsageFault_Handler  stm32f10x_it.o
    0x08002f7c   0x08002f7c   0x00000008   Code   RO         3599    i.W25Q64_Init       w25q64.o
    0x08002f84   0x08002f84   0x0000004c   Code   RO         3600    i.W25Q64_PageProgram  w25q64.o
    0x08002fd0   0x08002fd0   0x00000044   Code   RO         3601    i.W25Q64_ReadData   w25q64.o
    0x08003014   0x08003014   0x00000030   Code   RO         3604    i.W25Q64_WaitBusy   w25q64.o
    0x08003044   0x08003044   0x00000012   Code   RO         3605    i.W25Q64_WriteEnable  w25q64.o
    0x08003056   0x08003056   0x00000058   Code   RO         3606    i.W25Q64_searchAd   w25q64.o
    0x080030ae   0x080030ae   0x00000028   Code   RO         4173    i.__ARM_fpclassify  m_ws.l(fpclassify.o)
    0x080030d6   0x080030d6   0x0000000e   Code   RO         3953    i._is_digit         c_w.l(__printf_wp.o)
    0x080030e4   0x080030e4   0x00000214   Code   RO         3660    i.main              main.o
    0x080032f8   0x080032f8   0x0000002c   Code   RO         4153    locale$$code        c_w.l(lc_numeric_c.o)
    0x08003324   0x08003324   0x0000002c   Code   RO         4184    locale$$code        c_w.l(lc_ctype_c.o)
    0x08003350   0x08003350   0x000000c4   Code   RO         3841    x$fpl$fadd          fz_ws.l(faddsub_clz.o)
    0x08003414   0x08003414   0x00000018   Code   RO         4105    x$fpl$fcmpinf       fz_ws.l(fcmpi.o)
    0x0800342c   0x0800342c   0x0000003e   Code   RO         3847    x$fpl$ffixu         fz_ws.l(ffixu.o)
    0x0800346a   0x0800346a   0x00000002   PAD
    0x0800346c   0x0800346c   0x00000026   Code   RO         3851    x$fpl$ffltu         fz_ws.l(fflt_clz.o)
    0x08003492   0x08003492   0x00000002   PAD
    0x08003494   0x08003494   0x00000068   Code   RO         4035    x$fpl$fleqf         fz_ws.l(fleqf.o)
    0x080034fc   0x080034fc   0x00000102   Code   RO         3857    x$fpl$fmul          fz_ws.l(fmul.o)
    0x080035fe   0x080035fe   0x0000008c   Code   RO         4037    x$fpl$fnaninf       fz_ws.l(fnaninf.o)
    0x0800368a   0x0800368a   0x0000000a   Code   RO         4039    x$fpl$fretinf       fz_ws.l(fretinf.o)
    0x08003694   0x08003694   0x00000062   Code   RO         3859    x$fpl$frleqf        fz_ws.l(frleqf.o)
    0x080036f6   0x080036f6   0x00000014   Code   RO         3842    x$fpl$frsb          fz_ws.l(faddsub_clz.o)
    0x0800370a   0x0800370a   0x00000002   PAD
    0x0800370c   0x0800370c   0x000000ea   Code   RO         3843    x$fpl$fsub          fz_ws.l(faddsub_clz.o)
    0x080037f6   0x080037f6   0x00000004   Code   RO         4041    x$fpl$printf1       fz_ws.l(printf1.o)
    0x080037fa   0x080037fa   0x00000004   Code   RO         4043    x$fpl$printf2       fz_ws.l(printf2.o)
    0x080037fe   0x080037fe   0x00000000   Code   RO         4049    x$fpl$usenofp       fz_ws.l(usenofp.o)
    0x080037fe   0x080037fe   0x000005f0   Data   RO         3317    .constdata          oled.o
    0x08003dee   0x08003dee   0x00000002   PAD
    0x08003df0   0x08003df0   0x00000008   Data   RO         3912    .constdata          c_w.l(_printf_wctomb.o)
    0x08003df8   0x08003df8   0x00000028   Data   RO         3941    .constdata          c_w.l(_printf_hex_int_ll_ptr.o)
    0x08003e20   0x08003e20   0x00000011   Data   RO         3961    .constdata          c_w.l(__printf_flags_ss_wp.o)
    0x08003e31   0x08003e31   0x00000026   Data   RO         4085    .constdata          c_w.l(_printf_fp_hex.o)
    0x08003e57   0x08003e57   0x00000001   PAD
    0x08003e58   0x08003e58   0x00000094   Data   RO         4128    .constdata          c_w.l(bigflt0.o)
    0x08003eec   0x08003eec   0x00000020   Data   RO         4240    Region$$Table       anon$$obj.o
    0x08003f0c   0x08003f0c   0x0000001c   Data   RO         4152    locale$$data        c_w.l(lc_numeric_c.o)
    0x08003f28   0x08003f28   0x00000110   Data   RO         4183    locale$$data        c_w.l(lc_ctype_c.o)


    Execution Region RW_IRAM1 (Exec base: 0x20000000, Load base: 0x08004038, Size: 0x00000698, Max: 0x00005000, ABSOLUTE)

    Exec Addr    Load Addr    Size         Type   Attr      Idx    E Section Name        Object

    0x20000000   0x08004038   0x00000014   Data   RW         1805    .data               stm32f10x_rcc.o
    0x20000014   0x0800404c   0x00000024   Data   RW         3661    .data               main.o
    0x20000038        -       0x00000060   Zero   RW         4053    .bss                c_w.l(libspace.o)
    0x20000098        -       0x00000200   Zero   RW            2    HEAP                startup_stm32f10x_md.o
    0x20000298        -       0x00000400   Zero   RW            1    STACK               startup_stm32f10x_md.o


==============================================================================

Image component sizes


      Code (inc. data)   RO Data    RW Data    ZI Data      Debug   Object Name

       200         16          0          0          0       1076   ad.o
         0          0          0          0          0       4508   core_cm3.o
        70          0          0          0          0        906   delay.o
       136          8          0          0          0        952   key.o
        44          6          0          0          0        479   lightsensor.o
       676        112          0         36          0       2158   main.o
       132         22          0          0          0     213711   misc.o
       112         12          0          0          0        962   motor.o
       256         28          0          0          0       3754   myspi.o
       916         22       1520          0          0       8106   oled.o
       164          4          0          0          0       1081   pwm.o
       280         12          0          0          0       3809   serial.o
        64         26        236          0       1536        808   startup_stm32f10x_md.o
       394         10          0          0          0      18161   stm32f10x_adc.o
       314          0          0          0          0      12264   stm32f10x_gpio.o
        26          0          0          0          0       3650   stm32f10x_it.o
       300         38          0         20          0      13405   stm32f10x_rcc.o
       448         52          0          0          0      26171   stm32f10x_tim.o
       274          6          0          0          0       9772   stm32f10x_usart.o
       328         28          0          0          0      45137   system_stm32f10x.o
       128          6          0          0          0        541   timer.o
       306          4          0          0          0       3766   w25q64.o

    ----------------------------------------------------------------------
      5588        412       1790         56       1536     375177   Object Totals
         0          0         32          0          0          0   (incl. Generated)
        20          0          2          0          0          0   (incl. Padding)

    ----------------------------------------------------------------------

      Code (inc. data)   RO Data    RW Data    ZI Data      Debug   Library Member Name

         8          0          0          0          0         68   __main.o
       392          4         17          0          0         92   __printf_flags_ss_wp.o
        14          0          0          0          0         68   __printf_wp.o
         0          0          0          0          0          0   __rtentry.o
        12          0          0          0          0          0   __rtentry2.o
         6          0          0          0          0          0   __rtentry4.o
        52          8          0          0          0          0   __scatter.o
        26          0          0          0          0          0   __scatter_copy.o
        28          0          0          0          0          0   __scatter_zi.o
         6          0          0          0          0          0   _printf_a.o
         6          0          0          0          0          0   _printf_c.o
        44          0          0          0          0        108   _printf_char.o
        48          6          0          0          0         96   _printf_char_common.o
        40          0          0          0          0         68   _printf_charcount.o
         6          0          0          0          0          0   _printf_d.o
       120         16          0          0          0         92   _printf_dec.o
         6          0          0          0          0          0   _printf_e.o
         6          0          0          0          0          0   _printf_f.o
      1054          0          0          0          0        216   _printf_fp_dec.o
       764          8         38          0          0        100   _printf_fp_hex.o
       128         16          0          0          0         84   _printf_fp_infnan.o
         6          0          0          0          0          0   _printf_g.o
       148          4         40          0          0        160   _printf_hex_int_ll_ptr.o
         6          0          0          0          0          0   _printf_i.o
       178          0          0          0          0         88   _printf_intcommon.o
        10          0          0          0          0          0   _printf_l.o
         6          0          0          0          0          0   _printf_lc.o
        10          0          0          0          0          0   _printf_ll.o
         6          0          0          0          0          0   _printf_lld.o
         6          0          0          0          0          0   _printf_lli.o
         6          0          0          0          0          0   _printf_llo.o
         6          0          0          0          0          0   _printf_llu.o
         6          0          0          0          0          0   _printf_llx.o
       124         16          0          0          0         92   _printf_longlong_dec.o
         6          0          0          0          0          0   _printf_ls.o
         6          0          0          0          0          0   _printf_n.o
         6          0          0          0          0          0   _printf_o.o
       112         10          0          0          0        124   _printf_oct_int_ll.o
         6          0          0          0          0          0   _printf_p.o
        78          0          0          0          0        108   _printf_pad.o
         0          0          0          0          0          0   _printf_percent.o
         4          0          0          0          0          0   _printf_percent_end.o
         6          0          0          0          0          0   _printf_s.o
        82          0          0          0          0         80   _printf_str.o
        36          0          0          0          0         84   _printf_truncate.o
         6          0          0          0          0          0   _printf_u.o
        44          0          0          0          0        108   _printf_wchar.o
       188          6          8          0          0         92   _printf_wctomb.o
         6          0          0          0          0          0   _printf_x.o
        10          0          0          0          0         68   _sputc.o
        64          0          0          0          0         92   _wcrtomb.o
       228          4        148          0          0         96   bigflt0.o
      1936        128          0          0          0        672   btod.o
        10          0          0          0          0         68   defsig_exit.o
        50          0          0          0          0         88   defsig_general.o
        80         58          0          0          0         76   defsig_rtmem_inner.o
        14          0          0          0          0         80   defsig_rtmem_outer.o
        18          0          0          0          0         80   exit.o
        94          0          0          0          0         80   h1_alloc.o
        52          0          0          0          0         68   h1_extend.o
        78          0          0          0          0         80   h1_free.o
        14          0          0          0          0         84   h1_init.o
         6          0          0          0          0        152   heapauxi.o
         4          0          0          0          0        136   hguard.o
         0          0          0          0          0          0   indicate_semi.o
       138          0          0          0          0        168   init_alloc.o
        44         10        272          0          0         76   lc_ctype_c.o
        44         10         28          0          0         76   lc_numeric_c.o
         2          0          0          0          0          0   libinit.o
        38          0          0          0          0          0   libinit2.o
         2          0          0          0          0          0   libshutdown.o
         2          0          0          0          0          0   libshutdown2.o
         8          4          0          0         96         68   libspace.o
       138          0          0          0          0         80   lludiv10.o
         0          0          0          0          0          0   maybetermalloc1.o
        16          4          0          0          0         76   rt_ctype_table.o
         8          4          0          0          0         68   rt_heap_descriptor_intlibspace.o
         8          4          0          0          0         68   rt_locale_intlibspace.o
         2          0          0          0          0          0   rtexit.o
        10          0          0          0          0          0   rtexit2.o
       128          0          0          0          0         68   strcmpv7m.o
        12          4          0          0          0         68   sys_exit.o
        74          0          0          0          0         80   sys_stackheap_outer.o
        14          0          0          0          0         76   sys_wrch.o
         2          0          0          0          0         68   use_no_semi.o
        36          4          0          0          0         76   vsprintf.o
       450          8          0          0          0        236   faddsub_clz.o
        24          0          0          0          0         68   fcmpi.o
        62          4          0          0          0         84   ffixu.o
        38          0          0          0          0         68   fflt_clz.o
       104          4          0          0          0         84   fleqf.o
       258          4          0          0          0         84   fmul.o
       140          4          0          0          0         84   fnaninf.o
        10          0          0          0          0         68   fretinf.o
        98          0          0          0          0         68   frleqf.o
         4          0          0          0          0         68   printf1.o
         4          0          0          0          0         68   printf2.o
         0          0          0          0          0          0   usenofp.o
        40          0          0          0          0         68   fpclassify.o

    ----------------------------------------------------------------------
      8510        352        552          0         96       6012   Library Totals
        24          0          1          0          0          0   (incl. Padding)

    ----------------------------------------------------------------------

      Code (inc. data)   RO Data    RW Data    ZI Data      Debug   Library Name

      7254        328        551          0         96       4964   c_w.l
      1192         24          0          0          0        980   fz_ws.l
        40          0          0          0          0         68   m_ws.l

    ----------------------------------------------------------------------
      8510        352        552          0         96       6012   Library Totals

    ----------------------------------------------------------------------

==============================================================================


      Code (inc. data)   RO Data    RW Data    ZI Data      Debug   

     14098        764       2342         56       1632     372969   Grand Totals
     14098        764       2342         56       1632     372969   ELF Image Totals
     14098        764       2342         56          0          0   ROM Totals

==============================================================================

    Total RO  Size (Code + RO Data)                16440 (  16.05kB)
    Total RW  Size (RW Data + ZI Data)              1688 (   1.65kB)
    Total ROM Size (Code + RO Data + RW Data)      16496 (  16.11kB)

==============================================================================

